Archive member included to satisfy reference by file (symbol)

C:\Google Drive\cubeIDE_workspace\radio407\Drivers\CMSIS\Lib\GCC\libarm_cortexM4lf_math.a(arm_copy_f32.o)
                              src/dsp.o (arm_copy_f32)
C:\Google Drive\cubeIDE_workspace\radio407\Drivers\CMSIS\Lib\GCC\libarm_cortexM4lf_math.a(arm_cfft_radix4_init_f32.o)
                              src/fir.o (arm_cfft_radix4_init_f32)
C:\Google Drive\cubeIDE_workspace\radio407\Drivers\CMSIS\Lib\GCC\libarm_cortexM4lf_math.a(arm_cfft_radix4_f32.o)
                              src/fir.o (arm_cfft_radix4_f32)
C:\Google Drive\cubeIDE_workspace\radio407\Drivers\CMSIS\Lib\GCC\libarm_cortexM4lf_math.a(arm_fir_init_f32.o)
                              src/fir.o (arm_fir_init_f32)
C:\Google Drive\cubeIDE_workspace\radio407\Drivers\CMSIS\Lib\GCC\libarm_cortexM4lf_math.a(arm_fir_f32.o)
                              src/fir.o (arm_fir_f32)
C:\Google Drive\cubeIDE_workspace\radio407\Drivers\CMSIS\Lib\GCC\libarm_cortexM4lf_math.a(arm_cmplx_mag_f32.o)
                              src/fir.o (arm_cmplx_mag_f32)
C:\Google Drive\cubeIDE_workspace\radio407\Drivers\CMSIS\Lib\GCC\libarm_cortexM4lf_math.a(arm_sin_f32.o)
                              src/local_gen.o (arm_sin_f32)
C:\Google Drive\cubeIDE_workspace\radio407\Drivers\CMSIS\Lib\GCC\libarm_cortexM4lf_math.a(arm_cos_f32.o)
                              src/local_gen.o (arm_cos_f32)
C:\Google Drive\cubeIDE_workspace\radio407\Drivers\CMSIS\Lib\GCC\libarm_cortexM4lf_math.a(arm_scale_f32.o)
                              src/dsp.o (arm_scale_f32)
C:\Google Drive\cubeIDE_workspace\radio407\Drivers\CMSIS\Lib\GCC\libarm_cortexM4lf_math.a(arm_mult_f32.o)
                              src/dsp.o (arm_mult_f32)
C:\Google Drive\cubeIDE_workspace\radio407\Drivers\CMSIS\Lib\GCC\libarm_cortexM4lf_math.a(arm_add_f32.o)
                              src/dsp.o (arm_add_f32)
C:\Google Drive\cubeIDE_workspace\radio407\Drivers\CMSIS\Lib\GCC\libarm_cortexM4lf_math.a(arm_common_tables.o)
                              C:\Google Drive\cubeIDE_workspace\radio407\Drivers\CMSIS\Lib\GCC\libarm_cortexM4lf_math.a(arm_sin_f32.o) (sinTable_f32)
C:\Google Drive\cubeIDE_workspace\radio407\Drivers\CMSIS\Lib\GCC\libarm_cortexM4lf_math.a(arm_bitreversal.o)
                              C:\Google Drive\cubeIDE_workspace\radio407\Drivers\CMSIS\Lib\GCC\libarm_cortexM4lf_math.a(arm_cfft_radix4_f32.o) (arm_bitreversal_f32)
d:/st/stm32cubeide_1.6.1/stm32cubeide/plugins/com.st.stm32cube.ide.mcu.externaltools.gnu-tools-for-stm32.9-2020-q2-update.win32_1.5.0.202011040924/tools/bin/../lib/gcc/arm-none-eabi/9.3.1/../../../../arm-none-eabi/lib/thumb/v7e-m+fp/hard\libc_nano.a(lib_a-errno.o)
                              Core/Src/syscalls.o (__errno)
d:/st/stm32cubeide_1.6.1/stm32cubeide/plugins/com.st.stm32cube.ide.mcu.externaltools.gnu-tools-for-stm32.9-2020-q2-update.win32_1.5.0.202011040924/tools/bin/../lib/gcc/arm-none-eabi/9.3.1/../../../../arm-none-eabi/lib/thumb/v7e-m+fp/hard\libc_nano.a(lib_a-exit.o)
                              d:/st/stm32cubeide_1.6.1/stm32cubeide/plugins/com.st.stm32cube.ide.mcu.externaltools.gnu-tools-for-stm32.9-2020-q2-update.win32_1.5.0.202011040924/tools/bin/../lib/gcc/arm-none-eabi/9.3.1/../../../../arm-none-eabi/lib/thumb/v7e-m+fp/hard/crt0.o (exit)
d:/st/stm32cubeide_1.6.1/stm32cubeide/plugins/com.st.stm32cube.ide.mcu.externaltools.gnu-tools-for-stm32.9-2020-q2-update.win32_1.5.0.202011040924/tools/bin/../lib/gcc/arm-none-eabi/9.3.1/../../../../arm-none-eabi/lib/thumb/v7e-m+fp/hard\libc_nano.a(lib_a-impure.o)
                              d:/st/stm32cubeide_1.6.1/stm32cubeide/plugins/com.st.stm32cube.ide.mcu.externaltools.gnu-tools-for-stm32.9-2020-q2-update.win32_1.5.0.202011040924/tools/bin/../lib/gcc/arm-none-eabi/9.3.1/../../../../arm-none-eabi/lib/thumb/v7e-m+fp/hard\libc_nano.a(lib_a-exit.o) (_global_impure_ptr)
d:/st/stm32cubeide_1.6.1/stm32cubeide/plugins/com.st.stm32cube.ide.mcu.externaltools.gnu-tools-for-stm32.9-2020-q2-update.win32_1.5.0.202011040924/tools/bin/../lib/gcc/arm-none-eabi/9.3.1/../../../../arm-none-eabi/lib/thumb/v7e-m+fp/hard\libc_nano.a(lib_a-init.o)
                              d:/st/stm32cubeide_1.6.1/stm32cubeide/plugins/com.st.stm32cube.ide.mcu.externaltools.gnu-tools-for-stm32.9-2020-q2-update.win32_1.5.0.202011040924/tools/bin/../lib/gcc/arm-none-eabi/9.3.1/../../../../arm-none-eabi/lib/thumb/v7e-m+fp/hard/crt0.o (__libc_init_array)
d:/st/stm32cubeide_1.6.1/stm32cubeide/plugins/com.st.stm32cube.ide.mcu.externaltools.gnu-tools-for-stm32.9-2020-q2-update.win32_1.5.0.202011040924/tools/bin/../lib/gcc/arm-none-eabi/9.3.1/../../../../arm-none-eabi/lib/thumb/v7e-m+fp/hard\libc_nano.a(lib_a-malloc.o)
                              ili9341/ili9341.o (malloc)
[...]
Memory Configuration

Name             Origin             Length             Attributes
CCMRAM           0x0000000010000000 0x0000000000010000 xrw
RAM              0x0000000020000000 0x0000000000020000 xrw
FLASH            0x0000000008000000 0x0000000000080000 xr
*default*        0x0000000000000000 0xffffffffffffffff

Linker script and memory map

LOAD d:/st/stm32cubeide_1.6.1/stm32cubeide/plugins/com.st.stm32cube.ide.mcu.externaltools.gnu-tools-for-stm32.9-2020-q2-update.win32_1.5.0.202011040924/tools/bin/../lib/gcc/arm-none-eabi/9.3.1/thumb/v7e-m+fp/hard/crti.o
LOAD d:/st/stm32cubeide_1.6.1/stm32cubeide/plugins/com.st.stm32cube.ide.mcu.externaltools.gnu-tools-for-stm32.9-2020-q2-update.win32_1.5.0.202011040924/tools/bin/../lib/gcc/arm-none-eabi/9.3.1/thumb/v7e-m+fp/hard/crtbegin.o
LOAD d:/st/stm32cubeide_1.6.1/stm32cubeide/plugins/com.st.stm32cube.ide.mcu.externaltools.gnu-tools-for-stm32.9-2020-q2-update.win32_1.5.0.202011040924/tools/bin/../lib/gcc/arm-none-eabi/9.3.1/../../../../arm-none-eabi/lib/thumb/v7e-m+fp/hard/crt0.o
LOAD Core/Src/main.o
LOAD Core/Src/stm32f4xx_hal_msp.o
LOAD Core/Src/stm32f4xx_it.o
LOAD Core/Src/syscalls.o
LOAD Core/Src/sysmem.o
LOAD Core/Src/system_stm32f4xx.o
LOAD Core/Startup/startup_stm32f407vetx.o
LOAD Drivers/STM32F4xx_HAL_Driver/Src/stm32f4xx_hal.o
LOAD Drivers/STM32F4xx_HAL_Driver/Src/stm32f4xx_hal_adc.o
LOAD Drivers/STM32F4xx_HAL_Driver/Src/stm32f4xx_hal_adc_ex.o
LOAD Drivers/STM32F4xx_HAL_Driver/Src/stm32f4xx_hal_cortex.o
LOAD Drivers/STM32F4xx_HAL_Driver/Src/stm32f4xx_hal_dma.o
LOAD Drivers/STM32F4xx_HAL_Driver/Src/stm32f4xx_hal_dma_ex.o
LOAD Drivers/STM32F4xx_HAL_Driver/Src/stm32f4xx_hal_exti.o
LOAD Drivers/STM32F4xx_HAL_Driver/Src/stm32f4xx_hal_flash.o
LOAD Drivers/STM32F4xx_HAL_Driver/Src/stm32f4xx_hal_flash_ex.o
LOAD Drivers/STM32F4xx_HAL_Driver/Src/stm32f4xx_hal_flash_ramfunc.o
LOAD Drivers/STM32F4xx_HAL_Driver/Src/stm32f4xx_hal_gpio.o
LOAD Drivers/STM32F4xx_HAL_Driver/Src/stm32f4xx_hal_i2s.o
LOAD Drivers/STM32F4xx_HAL_Driver/Src/stm32f4xx_hal_i2s_ex.o
LOAD Drivers/STM32F4xx_HAL_Driver/Src/stm32f4xx_hal_pcd.o
LOAD Drivers/STM32F4xx_HAL_Driver/Src/stm32f4xx_hal_pcd_ex.o
LOAD Drivers/STM32F4xx_HAL_Driver/Src/stm32f4xx_hal_pwr.o
LOAD Drivers/STM32F4xx_HAL_Driver/Src/stm32f4xx_hal_pwr_ex.o
LOAD Drivers/STM32F4xx_HAL_Driver/Src/stm32f4xx_hal_rcc.o
LOAD Drivers/STM32F4xx_HAL_Driver/Src/stm32f4xx_hal_rcc_ex.o
LOAD Drivers/STM32F4xx_HAL_Driver/Src/stm32f4xx_hal_spi.o
LOAD Drivers/STM32F4xx_HAL_Driver/Src/stm32f4xx_hal_tim.o
LOAD Drivers/STM32F4xx_HAL_Driver/Src/stm32f4xx_hal_tim_ex.o
LOAD Drivers/STM32F4xx_HAL_Driver/Src/stm32f4xx_hal_uart.o
LOAD Drivers/STM32F4xx_HAL_Driver/Src/stm32f4xx_ll_adc.o
LOAD Drivers/STM32F4xx_HAL_Driver/Src/stm32f4xx_ll_usb.o
LOAD Middlewares/ST/STM32_USB_Device_Library/Class/CDC/Src/usbd_cdc.o
LOAD Middlewares/ST/STM32_USB_Device_Library/Core/Src/usbd_core.o
LOAD Middlewares/ST/STM32_USB_Device_Library/Core/Src/usbd_ctlreq.o
LOAD Middlewares/ST/STM32_USB_Device_Library/Core/Src/usbd_ioreq.o
LOAD USB_DEVICE/App/usb_device.o
LOAD USB_DEVICE/App/usbd_cdc_if.o
LOAD USB_DEVICE/App/usbd_desc.o
LOAD USB_DEVICE/Target/usbd_conf.o
LOAD ili9341/ili9341.o
LOAD ili9341/ili9341_font.o
LOAD ili9341/ili9341_gfx.o
LOAD src/adc.o
LOAD src/agc.o
LOAD src/aic23b.o
LOAD src/audio_routing.o
LOAD src/buttons.o
LOAD src/dsp.o
LOAD src/encoder.o
LOAD src/fir.o
LOAD src/gfx.o
LOAD src/gfx_items.o
LOAD src/hw.o
LOAD src/lcd.o
LOAD src/local_gen.o
LOAD src/tools.o
LOAD C:\Google Drive\cubeIDE_workspace\radio407\Drivers\CMSIS\Lib\GCC\libarm_cortexM4lf_math.a
START GROUP
LOAD C:\Google Drive\cubeIDE_workspace\radio407\Drivers\CMSIS\Lib\GCC\libarm_cortexM4lf_math.a
END GROUP
START GROUP
LOAD d:/st/stm32cubeide_1.6.1/stm32cubeide/plugins/com.st.stm32cube.ide.mcu.externaltools.gnu-tools-for-stm32.9-2020-q2-update.win32_1.5.0.202011040924/tools/bin/../lib/gcc/arm-none-eabi/9.3.1/../../../../arm-none-eabi/lib/thumb/v7e-m+fp/hard\libc_nano.a
LOAD d:/st/stm32cubeide_1.6.1/stm32cubeide/plugins/com.st.stm32cube.ide.mcu.externaltools.gnu-tools-for-stm32.9-2020-q2-update.win32_1.5.0.202011040924/tools/bin/../lib/gcc/arm-none-eabi/9.3.1/../../../../arm-none-eabi/lib/thumb/v7e-m+fp/hard\libm.a
END GROUP
START GROUP
LOAD d:/st/stm32cubeide_1.6.1/stm32cubeide/plugins/com.st.stm32cube.ide.mcu.externaltools.gnu-tools-for-stm32.9-2020-q2-update.win32_1.5.0.202011040924/tools/bin/../lib/gcc/arm-none-eabi/9.3.1/thumb/v7e-m+fp/hard\libgcc.a
LOAD d:/st/stm32cubeide_1.6.1/stm32cubeide/plugins/com.st.stm32cube.ide.mcu.externaltools.gnu-tools-for-stm32.9-2020-q2-update.win32_1.5.0.202011040924/tools/bin/../lib/gcc/arm-none-eabi/9.3.1/../../../../arm-none-eabi/lib/thumb/v7e-m+fp/hard\libc_nano.a
END GROUP
START GROUP
LOAD d:/st/stm32cubeide_1.6.1/stm32cubeide/plugins/com.st.stm32cube.ide.mcu.externaltools.gnu-tools-for-stm32.9-2020-q2-update.win32_1.5.0.202011040924/tools/bin/../lib/gcc/arm-none-eabi/9.3.1/thumb/v7e-m+fp/hard\libgcc.a
LOAD d:/st/stm32cubeide_1.6.1/stm32cubeide/plugins/com.st.stm32cube.ide.mcu.externaltools.gnu-tools-for-stm32.9-2020-q2-update.win32_1.5.0.202011040924/tools/bin/../lib/gcc/arm-none-eabi/9.3.1/../../../../arm-none-eabi/lib/thumb/v7e-m+fp/hard\libc_nano.a
LOAD d:/st/stm32cubeide_1.6.1/stm32cubeide/plugins/com.st.stm32cube.ide.mcu.externaltools.gnu-tools-for-stm32.9-2020-q2-update.win32_1.5.0.202011040924/tools/bin/../lib/gcc/arm-none-eabi/9.3.1/../../../../arm-none-eabi/lib/thumb/v7e-m+fp/hard\libnosys.a
END GROUP
START GROUP
LOAD d:/st/stm32cubeide_1.6.1/stm32cubeide/plugins/com.st.stm32cube.ide.mcu.externaltools.gnu-tools-for-stm32.9-2020-q2-update.win32_1.5.0.202011040924/tools/bin/../lib/gcc/arm-none-eabi/9.3.1/thumb/v7e-m+fp/hard\libgcc.a
LOAD d:/st/stm32cubeide_1.6.1/stm32cubeide/plugins/com.st.stm32cube.ide.mcu.externaltools.gnu-tools-for-stm32.9-2020-q2-update.win32_1.5.0.202011040924/tools/bin/../lib/gcc/arm-none-eabi/9.3.1/../../../../arm-none-eabi/lib/thumb/v7e-m+fp/hard\libc_nano.a
LOAD d:/st/stm32cubeide_1.6.1/stm32cubeide/plugins/com.st.stm32cube.ide.mcu.externaltools.gnu-tools-for-stm32.9-2020-q2-update.win32_1.5.0.202011040924/tools/bin/../lib/gcc/arm-none-eabi/9.3.1/../../../../arm-none-eabi/lib/thumb/v7e-m+fp/hard\libnosys.a
END GROUP
LOAD d:/st/stm32cubeide_1.6.1/stm32cubeide/plugins/com.st.stm32cube.ide.mcu.externaltools.gnu-tools-for-stm32.9-2020-q2-update.win32_1.5.0.202011040924/tools/bin/../lib/gcc/arm-none-eabi/9.3.1/thumb/v7e-m+fp/hard/crtend.o
LOAD d:/st/stm32cubeide_1.6.1/stm32cubeide/plugins/com.st.stm32cube.ide.mcu.externaltools.gnu-tools-for-stm32.9-2020-q2-update.win32_1.5.0.202011040924/tools/bin/../lib/gcc/arm-none-eabi/9.3.1/thumb/v7e-m+fp/hard/crtn.o
                0x0000000020020000                _estack = (ORIGIN (RAM) + LENGTH (RAM))
                0x0000000000000200                _Min_Heap_Size = 0x200
                0x0000000000000400                _Min_Stack_Size = 0x400

.isr_vector     0x0000000008000000      0x188
                0x0000000008000000                . = ALIGN (0x4)
 *(.isr_vector)
 .isr_vector    0x0000000008000000      0x188 Core/Startup/startup_stm32f407vetx.o
                0x0000000008000000                g_pfnVectors
                0x0000000008000188                . = ALIGN (0x4)

.text           0x0000000008000190     0xd828
                0x0000000008000190                . = ALIGN (0x4)
 *(.text)
 .text          0x0000000008000190       0x40 d:/st/stm32cubeide_1.6.1/stm32cubeide/plugins/com.st.stm32cube.ide.mcu.externaltools.gnu-tools-for-stm32.9-2020-q2-update.win32_1.5.0.202011040924/tools/bin/../lib/gcc/arm-none-eabi/9.3.1/thumb/v7e-m+fp/hard/crtbegin.o
 .text          0x00000000080001d0       0x10 d:/st/stm32cubeide_1.6.1/stm32cubeide/plugins/com.st.stm32cube.ide.mcu.externaltools.gnu-tools-for-stm32.9-2020-q2-update.win32_1.5.0.202011040924/tools/bin/../lib/gcc/arm-none-eabi/9.3.1/../../../../arm-none-eabi/lib/thumb/v7e-m+fp/hard\libc_nano.a(lib_a-strlen.o)
                0x00000000080001d0                strlen
 .text          0x00000000080001e0       0xa0 d:/st/stm32cubeide_1.6.1/stm32cubeide/plugins/com.st.stm32cube.ide.mcu.externaltools.gnu-tools-for-stm32.9-2020-q2-update.win32_1.5.0.202011040924/tools/bin/../lib/gcc/arm-none-eabi/9.3.1/../../../../arm-none-eabi/lib/thumb/v7e-m+fp/hard\libc_nano.a(lib_a-memchr.o)
                0x00000000080001e0                memchr
 .text          0x0000000008000280      0x378 d:/st/stm32cubeide_1.6.1/stm32cubeide/plugins/com.st.stm32cube.ide.mcu.externaltools.gnu-tools-for-stm32.9-2020-q2-update.win32_1.5.0.202011040924/tools/bin/../lib/gcc/arm-none-eabi/9.3.1/thumb/v7e-m+fp/hard\libgcc.a(_arm_addsubdf3.o)
                0x0000000008000280                __aeabi_drsub
                0x0000000008000288                __aeabi_dsub
                0x0000000008000288                __subdf3
                0x000000000800028c                __aeabi_dadd
                0x000000000800028c                __adddf3
                0x0000000008000504                __floatunsidf
                0x0000000008000504                __aeabi_ui2d
                0x0000000008000524                __floatsidf
                0x0000000008000524                __aeabi_i2d
                0x0000000008000548                __aeabi_f2d
                0x0000000008000548                __extendsfdf2
                0x000000000800058c                __floatundidf
                0x000000000800058c                __aeabi_ul2d
                0x000000000800059c                __floatdidf
                0x000000000800059c                __aeabi_l2d
 .text          0x00000000080005f8      0x424 d:/st/stm32cubeide_1.6.1/stm32cubeide/plugins/com.st.stm32cube.ide.mcu.externaltools.gnu-tools-for-stm32.9-2020-q2-update.win32_1.5.0.202011040924/tools/bin/../lib/gcc/arm-none-eabi/9.3.1/thumb/v7e-m+fp/hard\libgcc.a(_arm_muldivdf3.o)
                0x00000000080005f8                __aeabi_dmul
                0x00000000080005f8                __muldf3
                0x000000000800084c                __divdf3
                0x000000000800084c                __aeabi_ddiv
 .text          0x0000000008000a1c      0x110 d:/st/stm32cubeide_1.6.1/stm32cubeide/plugins/com.st.stm32cube.ide.mcu.externaltools.gnu-tools-for-stm32.9-2020-q2-update.win32_1.5.0.202011040924/tools/bin/../lib/gcc/arm-none-eabi/9.3.1/thumb/v7e-m+fp/hard\libgcc.a(_arm_cmpdf2.o)
                0x0000000008000a1c                __gtdf2
                0x0000000008000a1c                __gedf2
                0x0000000008000a24                __ltdf2
                0x0000000008000a24                __ledf2
                0x0000000008000a2c                __nedf2
                0x0000000008000a2c                __eqdf2
                0x0000000008000a2c                __cmpdf2
                0x0000000008000aa8                __aeabi_cdrcmple
                0x0000000008000ab8                __aeabi_cdcmpeq
                0x0000000008000ab8                __aeabi_cdcmple
                0x0000000008000ac8                __aeabi_dcmpeq
                0x0000000008000adc                __aeabi_dcmplt
                0x0000000008000af0                __aeabi_dcmple
                0x0000000008000b04                __aeabi_dcmpge
                0x0000000008000b18                __aeabi_dcmpgt
 .text          0x0000000008000b2c       0x2c d:/st/stm32cubeide_1.6.1/stm32cubeide/plugins/com.st.stm32cube.ide.mcu.externaltools.gnu-tools-for-stm32.9-2020-q2-update.win32_1.5.0.202011040924/tools/bin/../lib/gcc/arm-none-eabi/9.3.1/thumb/v7e-m+fp/hard\libgcc.a(_arm_unorddf2.o)
                0x0000000008000b2c                __unorddf2
                0x0000000008000b2c                __aeabi_dcmpun
 .text          0x0000000008000b58       0x50 d:/st/stm32cubeide_1.6.1/stm32cubeide/plugins/com.st.stm32cube.ide.mcu.externaltools.gnu-tools-for-stm32.9-2020-q2-update.win32_1.5.0.202011040924/tools/bin/../lib/gcc/arm-none-eabi/9.3.1/thumb/v7e-m+fp/hard\libgcc.a(_arm_fixdfsi.o)
                0x0000000008000b58                __aeabi_d2iz
                0x0000000008000b58                __fixdfsi
 .text          0x0000000008000ba8       0xa0 d:/st/stm32cubeide_1.6.1/stm32cubeide/plugins/com.st.stm32cube.ide.mcu.externaltools.gnu-tools-for-stm32.9-2020-q2-update.win32_1.5.0.202011040924/tools/bin/../lib/gcc/arm-none-eabi/9.3.1/thumb/v7e-m+fp/hard\libgcc.a(_arm_truncdfsf2.o)
                0x0000000008000ba8                __truncdfsf2
                0x0000000008000ba8                __aeabi_d2f
 .text          0x0000000008000c48       0x30 d:/st/stm32cubeide_1.6.1/stm32cubeide/plugins/com.st.stm32cube.ide.mcu.externaltools.gnu-tools-for-stm32.9-2020-q2-update.win32_1.5.0.202011040924/tools/bin/../lib/gcc/arm-none-eabi/9.3.1/thumb/v7e-m+fp/hard\libgcc.a(_aeabi_uldivmod.o)
                0x0000000008000c48                __aeabi_uldivmod
 .text          0x0000000008000c78      0x2c4 d:/st/stm32cubeide_1.6.1/stm32cubeide/plugins/com.st.stm32cube.ide.mcu.externaltools.gnu-tools-for-stm32.9-2020-q2-update.win32_1.5.0.202011040924/tools/bin/../lib/gcc/arm-none-eabi/9.3.1/thumb/v7e-m+fp/hard\libgcc.a(_udivmoddi4.o)
                0x0000000008000c78                __udivmoddi4
 .text          0x0000000008000f3c        0x4 d:/st/stm32cubeide_1.6.1/stm32cubeide/plugins/com.st.stm32cube.ide.mcu.externaltools.gnu-tools-for-stm32.9-2020-q2-update.win32_1.5.0.202011040924/tools/bin/../lib/gcc/arm-none-eabi/9.3.1/thumb/v7e-m+fp/hard\libgcc.a(_dvmd_tls.o)
                0x0000000008000f3c                __aeabi_idiv0
                0x0000000008000f3c                __aeabi_ldiv0
 *(.text*)
 .text.SystemClock_Config
                0x0000000008000f40       0xc8 Core/Src/main.o
                0x0000000008000f40                SystemClock_Config
 .text.startup.main
                0x0000000008001008      0x498 Core/Src/main.o
                0x0000000008001008                main
 .text.HAL_ADC_ConvCpltCallback
                0x00000000080014a0        0x4 Core/Src/main.o
                0x00000000080014a0                HAL_ADC_ConvCpltCallback
 .text.Error_Handler
                0x00000000080014a4        0x4 Core/Src/main.o
                0x00000000080014a4                Error_Handler
 .text.HAL_MspInit
                0x00000000080014a8       0x38 Core/Src/stm32f4xx_hal_msp.o
                0x00000000080014a8                HAL_MspInit
 .text.HAL_ADC_MspInit
                0x00000000080014e0       0xac Core/Src/stm32f4xx_hal_msp.o
                0x00000000080014e0                HAL_ADC_MspInit
 .text.HAL_I2S_MspInit
                0x000000000800158c      0x16c Core/Src/stm32f4xx_hal_msp.o
                0x000000000800158c                HAL_I2S_MspInit
 .text.HAL_SPI_MspInit
                0x00000000080016f8      0x15c Core/Src/stm32f4xx_hal_msp.o
                0x00000000080016f8                HAL_SPI_MspInit
 .text.HAL_TIM_Base_MspInit
                0x0000000008001854       0x40 Core/Src/stm32f4xx_hal_msp.o
                0x0000000008001854                HAL_TIM_Base_MspInit
 .text.HAL_UART_MspInit
                0x0000000008001894       0xc0 Core/Src/stm32f4xx_hal_msp.o
                0x0000000008001894                HAL_UART_MspInit
 .text.NMI_Handler
                0x0000000008001954        0x4 Core/Src/stm32f4xx_it.o
                0x0000000008001954                NMI_Handler
 .text.HardFault_Handler
                0x0000000008001958        0x4 Core/Src/stm32f4xx_it.o
                0x0000000008001958                HardFault_Handler
 .text.MemManage_Handler
                0x000000000800195c        0x4 Core/Src/stm32f4xx_it.o
                0x000000000800195c                MemManage_Handler
 .text.BusFault_Handler
                0x0000000008001960        0x4 Core/Src/stm32f4xx_it.o
                0x0000000008001960                BusFault_Handler
 .text.UsageFault_Handler
                0x0000000008001964        0x4 Core/Src/stm32f4xx_it.o
                0x0000000008001964                UsageFault_Handler
 .text.SVC_Handler
                0x0000000008001968        0x4 Core/Src/stm32f4xx_it.o
                0x0000000008001968                SVC_Handler
 .text.DebugMon_Handler
                0x000000000800196c        0x4 Core/Src/stm32f4xx_it.o
                0x000000000800196c                DebugMon_Handler
 .text.PendSV_Handler
                0x0000000008001970        0x4 Core/Src/stm32f4xx_it.o
                0x0000000008001970                PendSV_Handler
 .text.SysTick_Handler
                0x0000000008001974        0x4 Core/Src/stm32f4xx_it.o
                0x0000000008001974                SysTick_Handler
 .text.DMA1_Stream3_IRQHandler
                0x0000000008001978        0xc Core/Src/stm32f4xx_it.o
                0x0000000008001978                DMA1_Stream3_IRQHandler
 .text.DMA1_Stream4_IRQHandler
                0x0000000008001984        0xc Core/Src/stm32f4xx_it.o
                0x0000000008001984                DMA1_Stream4_IRQHandler
 .text.SPI1_IRQHandler
                0x0000000008001990        0xc Core/Src/stm32f4xx_it.o
                0x0000000008001990                SPI1_IRQHandler
 .text.SPI2_IRQHandler
                0x000000000800199c        0xc Core/Src/stm32f4xx_it.o
                0x000000000800199c                SPI2_IRQHandler
 .text.USART1_IRQHandler
                0x00000000080019a8        0xc Core/Src/stm32f4xx_it.o
                0x00000000080019a8                USART1_IRQHandler
 .text.EXTI15_10_IRQHandler
                0x00000000080019b4       0x2c Core/Src/stm32f4xx_it.o
                0x00000000080019b4                EXTI15_10_IRQHandler
 .text.TIM7_IRQHandler
                0x00000000080019e0       0x14 Core/Src/stm32f4xx_it.o
                0x00000000080019e0                TIM7_IRQHandler
 .text.DMA2_Stream0_IRQHandler
                0x00000000080019f4        0xc Core/Src/stm32f4xx_it.o
                0x00000000080019f4                DMA2_Stream0_IRQHandler
 .text.DMA2_Stream3_IRQHandler
                0x0000000008001a00        0xc Core/Src/stm32f4xx_it.o
                0x0000000008001a00                DMA2_Stream3_IRQHandler
 .text.OTG_FS_IRQHandler
                0x0000000008001a0c        0xc Core/Src/stm32f4xx_it.o
                0x0000000008001a0c                OTG_FS_IRQHandler
 .text.DMA2_Stream7_IRQHandler
                0x0000000008001a18       0x14 Core/Src/stm32f4xx_it.o
                0x0000000008001a18                DMA2_Stream7_IRQHandler
 .text._getpid  0x0000000008001a2c        0x4 Core/Src/syscalls.o
                0x0000000008001a2c                _getpid
 .text._kill    0x0000000008001a30       0x10 Core/Src/syscalls.o
                0x0000000008001a30                _kill
 .text._exit    0x0000000008001a40        0xc Core/Src/syscalls.o
                0x0000000008001a40                _exit
 .text._read    0x0000000008001a4c       0x1c Core/Src/syscalls.o
                0x0000000008001a4c                _read
 .text._write   0x0000000008001a68       0x1c Core/Src/syscalls.o
                0x0000000008001a68                _write
 .text._close   0x0000000008001a84        0x8 Core/Src/syscalls.o
                0x0000000008001a84                _close
 .text._fstat   0x0000000008001a8c        0xc Core/Src/syscalls.o
                0x0000000008001a8c                _fstat
 .text._isatty  0x0000000008001a98        0x4 Core/Src/syscalls.o
                0x0000000008001a98                _isatty
 .text._lseek   0x0000000008001a9c        0x4 Core/Src/syscalls.o
                0x0000000008001a9c                _lseek
 .text._sbrk    0x0000000008001aa0       0x44 Core/Src/sysmem.o
                0x0000000008001aa0                _sbrk
 .text.SystemInit
                0x0000000008001ae4       0x14 Core/Src/system_stm32f4xx.o
                0x0000000008001ae4                SystemInit
 .text.Reset_Handler
                0x0000000008001af8       0x50 Core/Startup/startup_stm32f407vetx.o
                0x0000000008001af8                Reset_Handler
 .text.Default_Handler
                0x0000000008001b48        0x2 Core/Startup/startup_stm32f407vetx.o
                0x0000000008001b48                RTC_Alarm_IRQHandler
                0x0000000008001b48                HASH_RNG_IRQHandler
                0x0000000008001b48                EXTI2_IRQHandler
                0x0000000008001b48                TIM8_CC_IRQHandler
                0x0000000008001b48                TIM1_CC_IRQHandler
                0x0000000008001b48                DMA2_Stream5_IRQHandler
                0x0000000008001b48                DMA1_Stream5_IRQHandler
                0x0000000008001b48                PVD_IRQHandler
                0x0000000008001b48                SDIO_IRQHandler
                0x0000000008001b48                TAMP_STAMP_IRQHandler
                0x0000000008001b48                CAN2_RX1_IRQHandler
                0x0000000008001b48                EXTI3_IRQHandler
                0x0000000008001b48                TIM8_TRG_COM_TIM14_IRQHandler
                0x0000000008001b48                TIM1_UP_TIM10_IRQHandler
                0x0000000008001b48                TIM8_UP_TIM13_IRQHandler
                0x0000000008001b48                I2C3_ER_IRQHandler
                0x0000000008001b48                EXTI0_IRQHandler
                0x0000000008001b48                I2C2_EV_IRQHandler
                0x0000000008001b48                DMA1_Stream2_IRQHandler
                0x0000000008001b48                CAN1_RX0_IRQHandler
                0x0000000008001b48                FPU_IRQHandler
                0x0000000008001b48                OTG_HS_WKUP_IRQHandler
                0x0000000008001b48                CAN2_SCE_IRQHandler
                0x0000000008001b48                DMA2_Stream2_IRQHandler
                0x0000000008001b48                TIM6_DAC_IRQHandler
                0x0000000008001b48                TIM1_BRK_TIM9_IRQHandler
                0x0000000008001b48                DCMI_IRQHandler
                0x0000000008001b48                CAN2_RX0_IRQHandler
                0x0000000008001b48                USART6_IRQHandler
                0x0000000008001b48                USART3_IRQHandler
                0x0000000008001b48                CAN1_RX1_IRQHandler
                0x0000000008001b48                UART5_IRQHandler
                0x0000000008001b48                TIM4_IRQHandler
                0x0000000008001b48                I2C1_EV_IRQHandler
                0x0000000008001b48                DMA1_Stream6_IRQHandler
                0x0000000008001b48                DMA1_Stream1_IRQHandler
                0x0000000008001b48                UART4_IRQHandler
                0x0000000008001b48                TIM3_IRQHandler
                0x0000000008001b48                RCC_IRQHandler
                0x0000000008001b48                TIM8_BRK_TIM12_IRQHandler
                0x0000000008001b48                Default_Handler
                0x0000000008001b48                ADC_IRQHandler
                0x0000000008001b48                DMA1_Stream7_IRQHandler
                0x0000000008001b48                CAN2_TX_IRQHandler
                0x0000000008001b48                TIM5_IRQHandler
                0x0000000008001b48                I2C3_EV_IRQHandler
                0x0000000008001b48                EXTI9_5_IRQHandler
                0x0000000008001b48                RTC_WKUP_IRQHandler
                0x0000000008001b48                ETH_WKUP_IRQHandler
                0x0000000008001b48                OTG_HS_EP1_IN_IRQHandler
                0x0000000008001b48                DMA1_Stream0_IRQHandler
                0x0000000008001b48                CAN1_TX_IRQHandler
                0x0000000008001b48                EXTI4_IRQHandler
                0x0000000008001b48                FSMC_IRQHandler
                0x0000000008001b48                ETH_IRQHandler
                0x0000000008001b48                OTG_HS_EP1_OUT_IRQHandler
                0x0000000008001b48                WWDG_IRQHandler
                0x0000000008001b48                TIM2_IRQHandler
                0x0000000008001b48                OTG_FS_WKUP_IRQHandler
                0x0000000008001b48                TIM1_TRG_COM_TIM11_IRQHandler
                0x0000000008001b48                OTG_HS_IRQHandler
                0x0000000008001b48                EXTI1_IRQHandler
                0x0000000008001b48                USART2_IRQHandler
                0x0000000008001b48                I2C2_ER_IRQHandler
                0x0000000008001b48                DMA2_Stream1_IRQHandler
                0x0000000008001b48                CAN1_SCE_IRQHandler
                0x0000000008001b48                FLASH_IRQHandler
                0x0000000008001b48                DMA2_Stream4_IRQHandler
                0x0000000008001b48                SPI3_IRQHandler
                0x0000000008001b48                I2C1_ER_IRQHandler
                0x0000000008001b48                DMA2_Stream6_IRQHandler
 *fill*         0x0000000008001b4a        0x2 
 .text.HAL_InitTick
                0x0000000008001b4c       0x48 Drivers/STM32F4xx_HAL_Driver/Src/stm32f4xx_hal.o
                0x0000000008001b4c                HAL_InitTick
 .text.HAL_Init
                0x0000000008001b94       0x34 Drivers/STM32F4xx_HAL_Driver/Src/stm32f4xx_hal.o
                0x0000000008001b94                HAL_Init
 .text.HAL_IncTick
                0x0000000008001bc8       0x18 Drivers/STM32F4xx_HAL_Driver/Src/stm32f4xx_hal.o
                0x0000000008001bc8                HAL_IncTick
 .text.HAL_GetTick
                0x0000000008001be0        0xc Drivers/STM32F4xx_HAL_Driver/Src/stm32f4xx_hal.o
                0x0000000008001be0                HAL_GetTick
 .text.HAL_Delay
                0x0000000008001bec       0x24 Drivers/STM32F4xx_HAL_Driver/Src/stm32f4xx_hal.o
                0x0000000008001bec                HAL_Delay
 .text.HAL_ADC_Init
                0x0000000008001c10      0x15c Drivers/STM32F4xx_HAL_Driver/Src/stm32f4xx_hal_adc.o
                0x0000000008001c10                HAL_ADC_Init
 .text.HAL_ADC_Start_DMA
                0x0000000008001d6c      0x168 Drivers/STM32F4xx_HAL_Driver/Src/stm32f4xx_hal_adc.o
                0x0000000008001d6c                HAL_ADC_Start_DMA
 .text.HAL_ADC_ConvHalfCpltCallback
                0x0000000008001ed4        0x4 Drivers/STM32F4xx_HAL_Driver/Src/stm32f4xx_hal_adc.o
                0x0000000008001ed4                HAL_ADC_ConvHalfCpltCallback
 .text.ADC_DMAHalfConvCplt
                0x0000000008001ed8        0xc Drivers/STM32F4xx_HAL_Driver/Src/stm32f4xx_hal_adc.o
 .text.HAL_ADC_ErrorCallback
                0x0000000008001ee4        0x4 Drivers/STM32F4xx_HAL_Driver/Src/stm32f4xx_hal_adc.o
                0x0000000008001ee4                HAL_ADC_ErrorCallback
 .text.ADC_DMAError
                0x0000000008001ee8       0x18 Drivers/STM32F4xx_HAL_Driver/Src/stm32f4xx_hal_adc.o
 .text.ADC_DMAConvCplt
                0x0000000008001f00       0x6c Drivers/STM32F4xx_HAL_Driver/Src/stm32f4xx_hal_adc.o
 .text.HAL_ADC_ConfigChannel
                0x0000000008001f6c      0x150 Drivers/STM32F4xx_HAL_Driver/Src/stm32f4xx_hal_adc.o
                0x0000000008001f6c                HAL_ADC_ConfigChannel
 .text.HAL_NVIC_SetPriorityGrouping
                0x00000000080020bc       0x28 Drivers/STM32F4xx_HAL_Driver/Src/stm32f4xx_hal_cortex.o
                0x00000000080020bc                HAL_NVIC_SetPriorityGrouping
 .text.HAL_NVIC_SetPriority
                0x00000000080020e4       0x70 Drivers/STM32F4xx_HAL_Driver/Src/stm32f4xx_hal_cortex.o
                0x00000000080020e4                HAL_NVIC_SetPriority
 .text.HAL_NVIC_EnableIRQ
                0x0000000008002154       0x1c Drivers/STM32F4xx_HAL_Driver/Src/stm32f4xx_hal_cortex.o
                0x0000000008002154                HAL_NVIC_EnableIRQ
 .text.HAL_SYSTICK_Config
                0x0000000008002170       0x34 Drivers/STM32F4xx_HAL_Driver/Src/stm32f4xx_hal_cortex.o
                0x0000000008002170                HAL_SYSTICK_Config
 .text.HAL_DMA_Init
                0x00000000080021a4      0x134 Drivers/STM32F4xx_HAL_Driver/Src/stm32f4xx_hal_dma.o
                0x00000000080021a4                HAL_DMA_Init
 .text.HAL_DMA_Start_IT
                0x00000000080022d8       0x7c Drivers/STM32F4xx_HAL_Driver/Src/stm32f4xx_hal_dma.o
                0x00000000080022d8                HAL_DMA_Start_IT
 .text.HAL_DMA_Abort
                0x0000000008002354       0x90 Drivers/STM32F4xx_HAL_Driver/Src/stm32f4xx_hal_dma.o
                0x0000000008002354                HAL_DMA_Abort
 .text.HAL_DMA_Abort_IT
                0x00000000080023e4       0x24 Drivers/STM32F4xx_HAL_Driver/Src/stm32f4xx_hal_dma.o
                0x00000000080023e4                HAL_DMA_Abort_IT
 .text.HAL_DMA_IRQHandler
                0x0000000008002408      0x1e0 Drivers/STM32F4xx_HAL_Driver/Src/stm32f4xx_hal_dma.o
                0x0000000008002408                HAL_DMA_IRQHandler
 .text.HAL_DMA_GetState
                0x00000000080025e8        0x8 Drivers/STM32F4xx_HAL_Driver/Src/stm32f4xx_hal_dma.o
                0x00000000080025e8                HAL_DMA_GetState
 .text.HAL_GPIO_Init
                0x00000000080025f0      0x220 Drivers/STM32F4xx_HAL_Driver/Src/stm32f4xx_hal_gpio.o
                0x00000000080025f0                HAL_GPIO_Init
 .text.HAL_GPIO_ReadPin
                0x0000000008002810        0xc Drivers/STM32F4xx_HAL_Driver/Src/stm32f4xx_hal_gpio.o
                0x0000000008002810                HAL_GPIO_ReadPin
 .text.HAL_GPIO_WritePin
                0x000000000800281c        0x8 Drivers/STM32F4xx_HAL_Driver/Src/stm32f4xx_hal_gpio.o
                0x000000000800281c                HAL_GPIO_WritePin
 .text.HAL_GPIO_EXTI_Callback
                0x0000000008002824        0x4 Drivers/STM32F4xx_HAL_Driver/Src/stm32f4xx_hal_gpio.o
                0x0000000008002824                HAL_GPIO_EXTI_Callback
 .text.HAL_GPIO_EXTI_IRQHandler
                0x0000000008002828       0x18 Drivers/STM32F4xx_HAL_Driver/Src/stm32f4xx_hal_gpio.o
                0x0000000008002828                HAL_GPIO_EXTI_IRQHandler
 .text.HAL_I2S_Init
                0x0000000008002840      0x138 Drivers/STM32F4xx_HAL_Driver/Src/stm32f4xx_hal_i2s.o
                0x0000000008002840                HAL_I2S_Init
 .text.HAL_I2S_IRQHandler
                0x0000000008002978        0x4 Drivers/STM32F4xx_HAL_Driver/Src/stm32f4xx_hal_i2s.o
                0x0000000008002978                HAL_I2S_IRQHandler
 .text.HAL_I2S_TxCpltCallback
                0x000000000800297c        0x4 Drivers/STM32F4xx_HAL_Driver/Src/stm32f4xx_hal_i2s.o
                0x000000000800297c                HAL_I2S_TxCpltCallback
 .text.HAL_I2S_RxCpltCallback
                0x0000000008002980        0x4 Drivers/STM32F4xx_HAL_Driver/Src/stm32f4xx_hal_i2s.o
                0x0000000008002980                HAL_I2S_RxCpltCallback
 .text.HAL_I2S_ErrorCallback
                0x0000000008002984        0x4 Drivers/STM32F4xx_HAL_Driver/Src/stm32f4xx_hal_i2s.o
                0x0000000008002984                HAL_I2S_ErrorCallback
 .text.I2S_IRQHandler
                0x0000000008002988      0x108 Drivers/STM32F4xx_HAL_Driver/Src/stm32f4xx_hal_i2s.o
 .text.I2SEx_TxRxDMAError
                0x0000000008002a90       0x48 Drivers/STM32F4xx_HAL_Driver/Src/stm32f4xx_hal_i2s_ex.o
 .text.HAL_I2SEx_TransmitReceive_DMA
                0x0000000008002ad8      0x1ac Drivers/STM32F4xx_HAL_Driver/Src/stm32f4xx_hal_i2s_ex.o
                0x0000000008002ad8                HAL_I2SEx_TransmitReceive_DMA
 .text.I2SEx_TxRxDMAHalfCplt
                0x0000000008002c84        0xc Drivers/STM32F4xx_HAL_Driver/Src/stm32f4xx_hal_i2s_ex.o
 .text.I2SEx_TxRxDMACplt
                0x0000000008002c90       0x74 Drivers/STM32F4xx_HAL_Driver/Src/stm32f4xx_hal_i2s_ex.o
 .text.HAL_I2SEx_FullDuplex_IRQHandler
                0x0000000008002d04      0x254 Drivers/STM32F4xx_HAL_Driver/Src/stm32f4xx_hal_i2s_ex.o
                0x0000000008002d04                HAL_I2SEx_FullDuplex_IRQHandler
 .text.HAL_PCD_Init
                0x0000000008002f58      0x118 Drivers/STM32F4xx_HAL_Driver/Src/stm32f4xx_hal_pcd.o
                0x0000000008002f58                HAL_PCD_Init
 .text.HAL_PCD_Start
                0x0000000008003070       0x40 Drivers/STM32F4xx_HAL_Driver/Src/stm32f4xx_hal_pcd.o
                0x0000000008003070                HAL_PCD_Start
 .text.HAL_PCD_IRQHandler
                0x00000000080030b0      0x62c Drivers/STM32F4xx_HAL_Driver/Src/stm32f4xx_hal_pcd.o
                0x00000000080030b0                HAL_PCD_IRQHandler
 .text.HAL_PCD_SetAddress
                0x00000000080036dc       0x28 Drivers/STM32F4xx_HAL_Driver/Src/stm32f4xx_hal_pcd.o
                0x00000000080036dc                HAL_PCD_SetAddress
 .text.HAL_PCD_EP_Open
                0x0000000008003704       0x6c Drivers/STM32F4xx_HAL_Driver/Src/stm32f4xx_hal_pcd.o
                0x0000000008003704                HAL_PCD_EP_Open
 .text.HAL_PCD_EP_Close
                0x0000000008003770       0x60 Drivers/STM32F4xx_HAL_Driver/Src/stm32f4xx_hal_pcd.o
                0x0000000008003770                HAL_PCD_EP_Close
 .text.HAL_PCD_EP_Receive
                0x00000000080037d0       0x50 Drivers/STM32F4xx_HAL_Driver/Src/stm32f4xx_hal_pcd.o
                0x00000000080037d0                HAL_PCD_EP_Receive
 .text.HAL_PCD_EP_GetRxCount
                0x0000000008003820       0x14 Drivers/STM32F4xx_HAL_Driver/Src/stm32f4xx_hal_pcd.o
                0x0000000008003820                HAL_PCD_EP_GetRxCount
 .text.HAL_PCD_EP_Transmit
                0x0000000008003834       0x48 Drivers/STM32F4xx_HAL_Driver/Src/stm32f4xx_hal_pcd.o
                0x0000000008003834                HAL_PCD_EP_Transmit
 .text.HAL_PCD_EP_SetStall
                0x000000000800387c       0x88 Drivers/STM32F4xx_HAL_Driver/Src/stm32f4xx_hal_pcd.o
                0x000000000800387c                HAL_PCD_EP_SetStall
 .text.HAL_PCD_EP_ClrStall
                0x0000000008003904       0x74 Drivers/STM32F4xx_HAL_Driver/Src/stm32f4xx_hal_pcd.o
                0x0000000008003904                HAL_PCD_EP_ClrStall
 .text.HAL_PCDEx_SetTxFiFo
                0x0000000008003978       0x48 Drivers/STM32F4xx_HAL_Driver/Src/stm32f4xx_hal_pcd_ex.o
                0x0000000008003978                HAL_PCDEx_SetTxFiFo
 .text.HAL_PCDEx_SetRxFiFo
                0x00000000080039c0        0x8 Drivers/STM32F4xx_HAL_Driver/Src/stm32f4xx_hal_pcd_ex.o
                0x00000000080039c0                HAL_PCDEx_SetRxFiFo
 .text.HAL_PCDEx_LPM_Callback
                0x00000000080039c8        0x4 Drivers/STM32F4xx_HAL_Driver/Src/stm32f4xx_hal_pcd_ex.o
                0x00000000080039c8                HAL_PCDEx_LPM_Callback
 .text.HAL_RCC_OscConfig
                0x00000000080039cc      0x3cc Drivers/STM32F4xx_HAL_Driver/Src/stm32f4xx_hal_rcc.o
                0x00000000080039cc                HAL_RCC_OscConfig
 .text.HAL_RCC_GetSysClockFreq
                0x0000000008003d98       0x6c Drivers/STM32F4xx_HAL_Driver/Src/stm32f4xx_hal_rcc.o
                0x0000000008003d98                HAL_RCC_GetSysClockFreq
 .text.HAL_RCC_ClockConfig
                0x0000000008003e04      0x13c Drivers/STM32F4xx_HAL_Driver/Src/stm32f4xx_hal_rcc.o
                0x0000000008003e04                HAL_RCC_ClockConfig
 .text.HAL_RCC_GetHCLKFreq
                0x0000000008003f40        0xc Drivers/STM32F4xx_HAL_Driver/Src/stm32f4xx_hal_rcc.o
                0x0000000008003f40                HAL_RCC_GetHCLKFreq
 .text.HAL_RCC_GetPCLK1Freq
                0x0000000008003f4c       0x20 Drivers/STM32F4xx_HAL_Driver/Src/stm32f4xx_hal_rcc.o
                0x0000000008003f4c                HAL_RCC_GetPCLK1Freq
 .text.HAL_RCC_GetPCLK2Freq
                0x0000000008003f6c       0x20 Drivers/STM32F4xx_HAL_Driver/Src/stm32f4xx_hal_rcc.o
                0x0000000008003f6c                HAL_RCC_GetPCLK2Freq
 .text.HAL_RCCEx_PeriphCLKConfig
                0x0000000008003f8c      0x140 Drivers/STM32F4xx_HAL_Driver/Src/stm32f4xx_hal_rcc_ex.o
                0x0000000008003f8c                HAL_RCCEx_PeriphCLKConfig
 .text.HAL_RCCEx_GetPeriphCLKFreq
                0x00000000080040cc       0x4c Drivers/STM32F4xx_HAL_Driver/Src/stm32f4xx_hal_rcc_ex.o
                0x00000000080040cc                HAL_RCCEx_GetPeriphCLKFreq
 .text.SPI_WaitFlagStateUntilTimeout.constprop.0
                0x0000000008004118       0xc0 Drivers/STM32F4xx_HAL_Driver/Src/stm32f4xx_hal_spi.o
 .text.HAL_SPI_Init
                0x00000000080041d8       0xc0 Drivers/STM32F4xx_HAL_Driver/Src/stm32f4xx_hal_spi.o
                0x00000000080041d8                HAL_SPI_Init
 .text.HAL_SPI_Transmit
                0x0000000008004298      0x248 Drivers/STM32F4xx_HAL_Driver/Src/stm32f4xx_hal_spi.o
                0x0000000008004298                HAL_SPI_Transmit
 .text.HAL_SPI_Transmit_DMA
                0x00000000080044e0       0xcc Drivers/STM32F4xx_HAL_Driver/Src/stm32f4xx_hal_spi.o
                0x00000000080044e0                HAL_SPI_Transmit_DMA
 .text.HAL_SPI_TxCpltCallback
                0x00000000080045ac        0x4 Drivers/STM32F4xx_HAL_Driver/Src/stm32f4xx_hal_spi.o
                0x00000000080045ac                HAL_SPI_TxCpltCallback
 .text.HAL_SPI_TxHalfCpltCallback
                0x00000000080045b0        0x4 Drivers/STM32F4xx_HAL_Driver/Src/stm32f4xx_hal_spi.o
                0x00000000080045b0                HAL_SPI_TxHalfCpltCallback
 .text.SPI_DMAHalfTransmitCplt
                0x00000000080045b4        0xc Drivers/STM32F4xx_HAL_Driver/Src/stm32f4xx_hal_spi.o
 .text.HAL_SPI_ErrorCallback
                0x00000000080045c0        0x4 Drivers/STM32F4xx_HAL_Driver/Src/stm32f4xx_hal_spi.o
                0x00000000080045c0                HAL_SPI_ErrorCallback
 .text.SPI_DMAError
                0x00000000080045c4       0x24 Drivers/STM32F4xx_HAL_Driver/Src/stm32f4xx_hal_spi.o
 .text.SPI_DMATransmitCplt
                0x00000000080045e8       0xb4 Drivers/STM32F4xx_HAL_Driver/Src/stm32f4xx_hal_spi.o
 .text.HAL_SPI_IRQHandler
                0x000000000800469c      0x138 Drivers/STM32F4xx_HAL_Driver/Src/stm32f4xx_hal_spi.o
                0x000000000800469c                HAL_SPI_IRQHandler
 .text.SPI_DMAAbortOnError
                0x00000000080047d4       0x10 Drivers/STM32F4xx_HAL_Driver/Src/stm32f4xx_hal_spi.o
 .text.HAL_TIM_Base_Init
                0x00000000080047e4      0x11c Drivers/STM32F4xx_HAL_Driver/Src/stm32f4xx_hal_tim.o
                0x00000000080047e4                HAL_TIM_Base_Init
 .text.HAL_TIM_Base_Start_IT
                0x0000000008004900       0x78 Drivers/STM32F4xx_HAL_Driver/Src/stm32f4xx_hal_tim.o
                0x0000000008004900                HAL_TIM_Base_Start_IT
 .text.HAL_TIM_PeriodElapsedCallback
                0x0000000008004978        0x4 Drivers/STM32F4xx_HAL_Driver/Src/stm32f4xx_hal_tim.o
                0x0000000008004978                HAL_TIM_PeriodElapsedCallback
 .text.HAL_TIM_OC_DelayElapsedCallback
                0x000000000800497c        0x4 Drivers/STM32F4xx_HAL_Driver/Src/stm32f4xx_hal_tim.o
                0x000000000800497c                HAL_TIM_OC_DelayElapsedCallback
 .text.HAL_TIM_IC_CaptureCallback
                0x0000000008004980        0x4 Drivers/STM32F4xx_HAL_Driver/Src/stm32f4xx_hal_tim.o
                0x0000000008004980                HAL_TIM_IC_CaptureCallback
 .text.HAL_TIM_PWM_PulseFinishedCallback
                0x0000000008004984        0x4 Drivers/STM32F4xx_HAL_Driver/Src/stm32f4xx_hal_tim.o
                0x0000000008004984                HAL_TIM_PWM_PulseFinishedCallback
 .text.HAL_TIM_TriggerCallback
                0x0000000008004988        0x4 Drivers/STM32F4xx_HAL_Driver/Src/stm32f4xx_hal_tim.o
                0x0000000008004988                HAL_TIM_TriggerCallback
 .text.HAL_TIM_IRQHandler
                0x000000000800498c      0x154 Drivers/STM32F4xx_HAL_Driver/Src/stm32f4xx_hal_tim.o
                0x000000000800498c                HAL_TIM_IRQHandler
 .text.HAL_TIMEx_MasterConfigSynchronization
                0x0000000008004ae0       0x84 Drivers/STM32F4xx_HAL_Driver/Src/stm32f4xx_hal_tim_ex.o
                0x0000000008004ae0                HAL_TIMEx_MasterConfigSynchronization
 .text.HAL_TIMEx_CommutCallback
                0x0000000008004b64        0x4 Drivers/STM32F4xx_HAL_Driver/Src/stm32f4xx_hal_tim_ex.o
                0x0000000008004b64                HAL_TIMEx_CommutCallback
 .text.HAL_TIMEx_BreakCallback
                0x0000000008004b68        0x4 Drivers/STM32F4xx_HAL_Driver/Src/stm32f4xx_hal_tim_ex.o
                0x0000000008004b68                HAL_TIMEx_BreakCallback
 .text.HAL_UART_Init
                0x0000000008004b6c      0x138 Drivers/STM32F4xx_HAL_Driver/Src/stm32f4xx_hal_uart.o
                0x0000000008004b6c                HAL_UART_Init
 .text.HAL_UART_TxCpltCallback
                0x0000000008004ca4        0x4 Drivers/STM32F4xx_HAL_Driver/Src/stm32f4xx_hal_uart.o
                0x0000000008004ca4                HAL_UART_TxCpltCallback
 .text.HAL_UART_RxCpltCallback
                0x0000000008004ca8        0x4 Drivers/STM32F4xx_HAL_Driver/Src/stm32f4xx_hal_uart.o
                0x0000000008004ca8                HAL_UART_RxCpltCallback
 .text.HAL_UART_ErrorCallback
                0x0000000008004cac        0x4 Drivers/STM32F4xx_HAL_Driver/Src/stm32f4xx_hal_uart.o
                0x0000000008004cac                HAL_UART_ErrorCallback
 .text.UART_DMAAbortOnError
                0x0000000008004cb0       0x10 Drivers/STM32F4xx_HAL_Driver/Src/stm32f4xx_hal_uart.o
 .text.HAL_UARTEx_RxEventCallback
                0x0000000008004cc0        0x4 Drivers/STM32F4xx_HAL_Driver/Src/stm32f4xx_hal_uart.o
                0x0000000008004cc0                HAL_UARTEx_RxEventCallback
 .text.UART_Receive_IT.part.0
                0x0000000008004cc4       0xa0 Drivers/STM32F4xx_HAL_Driver/Src/stm32f4xx_hal_uart.o
 .text.HAL_UART_IRQHandler
                0x0000000008004d64      0x25c Drivers/STM32F4xx_HAL_Driver/Src/stm32f4xx_hal_uart.o
                0x0000000008004d64                HAL_UART_IRQHandler
 .text.USB_CoreInit
                0x0000000008004fc0       0xd4 Drivers/STM32F4xx_HAL_Driver/Src/stm32f4xx_ll_usb.o
                0x0000000008004fc0                USB_CoreInit
 .text.USB_SetTurnaroundTime
                0x0000000008005094       0xf0 Drivers/STM32F4xx_HAL_Driver/Src/stm32f4xx_ll_usb.o
                0x0000000008005094                USB_SetTurnaroundTime
 .text.USB_EnableGlobalInt
                0x0000000008005184       0x10 Drivers/STM32F4xx_HAL_Driver/Src/stm32f4xx_ll_usb.o
                0x0000000008005184                USB_EnableGlobalInt
 .text.USB_DisableGlobalInt
                0x0000000008005194       0x10 Drivers/STM32F4xx_HAL_Driver/Src/stm32f4xx_ll_usb.o
                0x0000000008005194                USB_DisableGlobalInt
 .text.USB_SetCurrentMode
                0x00000000080051a4       0x30 Drivers/STM32F4xx_HAL_Driver/Src/stm32f4xx_ll_usb.o
                0x00000000080051a4                USB_SetCurrentMode
 .text.USB_DevInit
                0x00000000080051d4      0x1d0 Drivers/STM32F4xx_HAL_Driver/Src/stm32f4xx_ll_usb.o
                0x00000000080051d4                USB_DevInit
 .text.USB_FlushTxFifo
                0x00000000080053a4       0x24 Drivers/STM32F4xx_HAL_Driver/Src/stm32f4xx_ll_usb.o
                0x00000000080053a4                USB_FlushTxFifo
 .text.USB_GetDevSpeed
                0x00000000080053c8       0x18 Drivers/STM32F4xx_HAL_Driver/Src/stm32f4xx_ll_usb.o
                0x00000000080053c8                USB_GetDevSpeed
 .text.USB_ActivateEndpoint
                0x00000000080053e0       0x98 Drivers/STM32F4xx_HAL_Driver/Src/stm32f4xx_ll_usb.o
                0x00000000080053e0                USB_ActivateEndpoint
 .text.USB_DeactivateEndpoint
                0x0000000008005478       0xc4 Drivers/STM32F4xx_HAL_Driver/Src/stm32f4xx_ll_usb.o
                0x0000000008005478                USB_DeactivateEndpoint
 .text.USB_EPStartXfer
                0x000000000800553c      0x22c Drivers/STM32F4xx_HAL_Driver/Src/stm32f4xx_ll_usb.o
                0x000000000800553c                USB_EPStartXfer
 .text.USB_EP0StartXfer
                0x0000000008005768      0x154 Drivers/STM32F4xx_HAL_Driver/Src/stm32f4xx_ll_usb.o
                0x0000000008005768                USB_EP0StartXfer
 .text.USB_WritePacket
                0x00000000080058bc       0x2c Drivers/STM32F4xx_HAL_Driver/Src/stm32f4xx_ll_usb.o
                0x00000000080058bc                USB_WritePacket
 .text.USB_ReadPacket
                0x00000000080058e8       0x24 Drivers/STM32F4xx_HAL_Driver/Src/stm32f4xx_ll_usb.o
                0x00000000080058e8                USB_ReadPacket
 .text.USB_EPSetStall
                0x000000000800590c       0x5c Drivers/STM32F4xx_HAL_Driver/Src/stm32f4xx_ll_usb.o
                0x000000000800590c                USB_EPSetStall
 .text.USB_EPClearStall
                0x0000000008005968       0x58 Drivers/STM32F4xx_HAL_Driver/Src/stm32f4xx_ll_usb.o
                0x0000000008005968                USB_EPClearStall
 .text.USB_SetDevAddress
                0x00000000080059c0       0x20 Drivers/STM32F4xx_HAL_Driver/Src/stm32f4xx_ll_usb.o
                0x00000000080059c0                USB_SetDevAddress
 .text.USB_DevConnect
                0x00000000080059e0       0x1c Drivers/STM32F4xx_HAL_Driver/Src/stm32f4xx_ll_usb.o
                0x00000000080059e0                USB_DevConnect
 .text.USB_DevDisconnect
                0x00000000080059fc       0x1c Drivers/STM32F4xx_HAL_Driver/Src/stm32f4xx_ll_usb.o
                0x00000000080059fc                USB_DevDisconnect
 .text.USB_ReadInterrupts
                0x0000000008005a18        0x8 Drivers/STM32F4xx_HAL_Driver/Src/stm32f4xx_ll_usb.o
                0x0000000008005a18                USB_ReadInterrupts
 .text.USB_ReadDevAllOutEpInterrupt
                0x0000000008005a20       0x10 Drivers/STM32F4xx_HAL_Driver/Src/stm32f4xx_ll_usb.o
                0x0000000008005a20                USB_ReadDevAllOutEpInterrupt
 .text.USB_ReadDevAllInEpInterrupt
                0x0000000008005a30       0x10 Drivers/STM32F4xx_HAL_Driver/Src/stm32f4xx_ll_usb.o
                0x0000000008005a30                USB_ReadDevAllInEpInterrupt
 .text.USB_ReadDevOutEPInterrupt
                0x0000000008005a40       0x14 Drivers/STM32F4xx_HAL_Driver/Src/stm32f4xx_ll_usb.o
                0x0000000008005a40                USB_ReadDevOutEPInterrupt
 .text.USB_ReadDevInEPInterrupt
                0x0000000008005a54       0x28 Drivers/STM32F4xx_HAL_Driver/Src/stm32f4xx_ll_usb.o
                0x0000000008005a54                USB_ReadDevInEPInterrupt
 .text.USB_GetMode
                0x0000000008005a7c        0x8 Drivers/STM32F4xx_HAL_Driver/Src/stm32f4xx_ll_usb.o
                0x0000000008005a7c                USB_GetMode
 .text.USB_ActivateSetup
                0x0000000008005a84       0x20 Drivers/STM32F4xx_HAL_Driver/Src/stm32f4xx_ll_usb.o
                0x0000000008005a84                USB_ActivateSetup
 .text.USB_EP0_OutStart
                0x0000000008005aa4       0x58 Drivers/STM32F4xx_HAL_Driver/Src/stm32f4xx_ll_usb.o
                0x0000000008005aa4                USB_EP0_OutStart
 .text.USBD_CDC_EP0_RxReady
                0x0000000008005afc       0x30 Middlewares/ST/STM32_USB_Device_Library/Class/CDC/Src/usbd_cdc.o
 .text.USBD_CDC_GetFSCfgDesc
                0x0000000008005b2c        0xc Middlewares/ST/STM32_USB_Device_Library/Class/CDC/Src/usbd_cdc.o
 .text.USBD_CDC_GetHSCfgDesc
                0x0000000008005b38        0xc Middlewares/ST/STM32_USB_Device_Library/Class/CDC/Src/usbd_cdc.o
 .text.USBD_CDC_GetOtherSpeedCfgDesc
                0x0000000008005b44        0xc Middlewares/ST/STM32_USB_Device_Library/Class/CDC/Src/usbd_cdc.o
 .text.USBD_CDC_GetDeviceQualifierDescriptor
                0x0000000008005b50        0xc Middlewares/ST/STM32_USB_Device_Library/Class/CDC/Src/usbd_cdc.o
                0x0000000008005b50                USBD_CDC_GetDeviceQualifierDescriptor
 .text.USBD_CDC_DataOut
                0x0000000008005b5c       0x2c Middlewares/ST/STM32_USB_Device_Library/Class/CDC/Src/usbd_cdc.o
 .text.USBD_CDC_DataIn
                0x0000000008005b88       0x68 Middlewares/ST/STM32_USB_Device_Library/Class/CDC/Src/usbd_cdc.o
 .text.USBD_CDC_Setup
                0x0000000008005bf0      0x10c Middlewares/ST/STM32_USB_Device_Library/Class/CDC/Src/usbd_cdc.o
 .text.USBD_CDC_DeInit
                0x0000000008005cfc       0x44 Middlewares/ST/STM32_USB_Device_Library/Class/CDC/Src/usbd_cdc.o
 .text.USBD_CDC_Init
                0x0000000008005d40       0xb8 Middlewares/ST/STM32_USB_Device_Library/Class/CDC/Src/usbd_cdc.o
 .text.USBD_CDC_RegisterInterface
                0x0000000008005df8       0x10 Middlewares/ST/STM32_USB_Device_Library/Class/CDC/Src/usbd_cdc.o
                0x0000000008005df8                USBD_CDC_RegisterInterface
 .text.USBD_CDC_SetTxBuffer
                0x0000000008005e08       0x18 Middlewares/ST/STM32_USB_Device_Library/Class/CDC/Src/usbd_cdc.o
                0x0000000008005e08                USBD_CDC_SetTxBuffer
 .text.USBD_CDC_SetRxBuffer
                0x0000000008005e20       0x14 Middlewares/ST/STM32_USB_Device_Library/Class/CDC/Src/usbd_cdc.o
                0x0000000008005e20                USBD_CDC_SetRxBuffer
 .text.USBD_CDC_ReceivePacket
                0x0000000008005e34       0x34 Middlewares/ST/STM32_USB_Device_Library/Class/CDC/Src/usbd_cdc.o
                0x0000000008005e34                USBD_CDC_ReceivePacket
 .text.USBD_Init
                0x0000000008005e68       0x28 Middlewares/ST/STM32_USB_Device_Library/Core/Src/usbd_core.o
                0x0000000008005e68                USBD_Init
 .text.USBD_RegisterClass
                0x0000000008005e90       0x34 Middlewares/ST/STM32_USB_Device_Library/Core/Src/usbd_core.o
                0x0000000008005e90                USBD_RegisterClass
 .text.USBD_Start
                0x0000000008005ec4        0x4 Middlewares/ST/STM32_USB_Device_Library/Core/Src/usbd_core.o
                0x0000000008005ec4                USBD_Start
 .text.USBD_SetClassConfig
                0x0000000008005ec8       0x10 Middlewares/ST/STM32_USB_Device_Library/Core/Src/usbd_core.o
                0x0000000008005ec8                USBD_SetClassConfig
 .text.USBD_ClrClassConfig
                0x0000000008005ed8       0x10 Middlewares/ST/STM32_USB_Device_Library/Core/Src/usbd_core.o
                0x0000000008005ed8                USBD_ClrClassConfig
 .text.USBD_LL_SetupStage
                0x0000000008005ee8       0x60 Middlewares/ST/STM32_USB_Device_Library/Core/Src/usbd_core.o
                0x0000000008005ee8                USBD_LL_SetupStage
 .text.USBD_LL_DataOutStage
                0x0000000008005f48       0x68 Middlewares/ST/STM32_USB_Device_Library/Core/Src/usbd_core.o
                0x0000000008005f48                USBD_LL_DataOutStage
 .text.USBD_LL_DataInStage
                0x0000000008005fb0       0xac Middlewares/ST/STM32_USB_Device_Library/Core/Src/usbd_core.o
                0x0000000008005fb0                USBD_LL_DataInStage
 .text.USBD_LL_Reset
                0x000000000800605c       0x58 Middlewares/ST/STM32_USB_Device_Library/Core/Src/usbd_core.o
                0x000000000800605c                USBD_LL_Reset
 .text.USBD_LL_SetSpeed
                0x00000000080060b4        0x8 Middlewares/ST/STM32_USB_Device_Library/Core/Src/usbd_core.o
                0x00000000080060b4                USBD_LL_SetSpeed
 .text.USBD_LL_Suspend
                0x00000000080060bc       0x18 Middlewares/ST/STM32_USB_Device_Library/Core/Src/usbd_core.o
                0x00000000080060bc                USBD_LL_Suspend
 .text.USBD_LL_Resume
                0x00000000080060d4       0x18 Middlewares/ST/STM32_USB_Device_Library/Core/Src/usbd_core.o
                0x00000000080060d4                USBD_LL_Resume
 .text.USBD_LL_SOF
                0x00000000080060ec       0x28 Middlewares/ST/STM32_USB_Device_Library/Core/Src/usbd_core.o
                0x00000000080060ec                USBD_LL_SOF
 .text.USBD_LL_IsoINIncomplete
                0x0000000008006114       0x28 Middlewares/ST/STM32_USB_Device_Library/Core/Src/usbd_core.o
                0x0000000008006114                USBD_LL_IsoINIncomplete
 .text.USBD_LL_IsoOUTIncomplete
                0x000000000800613c       0x28 Middlewares/ST/STM32_USB_Device_Library/Core/Src/usbd_core.o
                0x000000000800613c                USBD_LL_IsoOUTIncomplete
 .text.USBD_LL_DevConnected
                0x0000000008006164        0x4 Middlewares/ST/STM32_USB_Device_Library/Core/Src/usbd_core.o
                0x0000000008006164                USBD_LL_DevConnected
 .text.USBD_LL_DevDisconnected
                0x0000000008006168       0x1c Middlewares/ST/STM32_USB_Device_Library/Core/Src/usbd_core.o
                0x0000000008006168                USBD_LL_DevDisconnected
 .text.USBD_StdDevReq
                0x0000000008006184      0x340 Middlewares/ST/STM32_USB_Device_Library/Core/Src/usbd_ctlreq.o
                0x0000000008006184                USBD_StdDevReq
 .text.USBD_StdItfReq
                0x00000000080064c4       0x60 Middlewares/ST/STM32_USB_Device_Library/Core/Src/usbd_ctlreq.o
                0x00000000080064c4                USBD_StdItfReq
 .text.USBD_StdEPReq
                0x0000000008006524      0x134 Middlewares/ST/STM32_USB_Device_Library/Core/Src/usbd_ctlreq.o
                0x0000000008006524                USBD_StdEPReq
 .text.USBD_ParseSetupRequest
                0x0000000008006658       0x28 Middlewares/ST/STM32_USB_Device_Library/Core/Src/usbd_ctlreq.o
                0x0000000008006658                USBD_ParseSetupRequest
 .text.USBD_CtlError
                0x0000000008006680       0x18 Middlewares/ST/STM32_USB_Device_Library/Core/Src/usbd_ctlreq.o
                0x0000000008006680                USBD_CtlError
 .text.USBD_GetString
                0x0000000008006698       0x4c Middlewares/ST/STM32_USB_Device_Library/Core/Src/usbd_ctlreq.o
                0x0000000008006698                USBD_GetString
 .text.USBD_CtlSendData
                0x00000000080066e4       0x1c Middlewares/ST/STM32_USB_Device_Library/Core/Src/usbd_ioreq.o
                0x00000000080066e4                USBD_CtlSendData
 .text.USBD_CtlContinueSendData
                0x0000000008006700       0x10 Middlewares/ST/STM32_USB_Device_Library/Core/Src/usbd_ioreq.o
                0x0000000008006700                USBD_CtlContinueSendData
 .text.USBD_CtlPrepareRx
                0x0000000008006710       0x1c Middlewares/ST/STM32_USB_Device_Library/Core/Src/usbd_ioreq.o
                0x0000000008006710                USBD_CtlPrepareRx
 .text.USBD_CtlContinueRx
                0x000000000800672c       0x10 Middlewares/ST/STM32_USB_Device_Library/Core/Src/usbd_ioreq.o
                0x000000000800672c                USBD_CtlContinueRx
 .text.USBD_CtlSendStatus
                0x000000000800673c       0x18 Middlewares/ST/STM32_USB_Device_Library/Core/Src/usbd_ioreq.o
                0x000000000800673c                USBD_CtlSendStatus
 .text.USBD_CtlReceiveStatus
                0x0000000008006754       0x18 Middlewares/ST/STM32_USB_Device_Library/Core/Src/usbd_ioreq.o
                0x0000000008006754                USBD_CtlReceiveStatus
 .text.MX_USB_DEVICE_Init
                0x000000000800676c       0x74 USB_DEVICE/App/usb_device.o
                0x000000000800676c                MX_USB_DEVICE_Init
 .text.CDC_DeInit_FS
                0x00000000080067e0        0x4 USB_DEVICE/App/usbd_cdc_if.o
 .text.CDC_Control_FS
                0x00000000080067e4        0x4 USB_DEVICE/App/usbd_cdc_if.o
 .text.CDC_TransmitCplt_FS
                0x00000000080067e8        0x4 USB_DEVICE/App/usbd_cdc_if.o
 .text.CDC_Receive_FS
                0x00000000080067ec       0x1c USB_DEVICE/App/usbd_cdc_if.o
 .text.CDC_Init_FS
                0x0000000008006808       0x28 USB_DEVICE/App/usbd_cdc_if.o
 .text.USBD_FS_DeviceDescriptor
                0x0000000008006830        0xc USB_DEVICE/App/usbd_desc.o
                0x0000000008006830                USBD_FS_DeviceDescriptor
 .text.USBD_FS_LangIDStrDescriptor
                0x000000000800683c        0xc USB_DEVICE/App/usbd_desc.o
                0x000000000800683c                USBD_FS_LangIDStrDescriptor
 .text.USBD_FS_ManufacturerStrDescriptor
                0x0000000008006848       0x1c USB_DEVICE/App/usbd_desc.o
                0x0000000008006848                USBD_FS_ManufacturerStrDescriptor
 .text.USBD_FS_ProductStrDescriptor
                0x0000000008006864       0x1c USB_DEVICE/App/usbd_desc.o
                0x0000000008006864                USBD_FS_ProductStrDescriptor
 .text.USBD_FS_ConfigStrDescriptor
                0x0000000008006880       0x1c USB_DEVICE/App/usbd_desc.o
                0x0000000008006880                USBD_FS_ConfigStrDescriptor
 .text.USBD_FS_InterfaceStrDescriptor
                0x000000000800689c       0x1c USB_DEVICE/App/usbd_desc.o
                0x000000000800689c                USBD_FS_InterfaceStrDescriptor
 .text.USBD_FS_SerialStrDescriptor
                0x00000000080068b8      0x118 USB_DEVICE/App/usbd_desc.o
                0x00000000080068b8                USBD_FS_SerialStrDescriptor
 .text.HAL_PCD_MspInit
                0x00000000080069d0       0x88 USB_DEVICE/Target/usbd_conf.o
                0x00000000080069d0                HAL_PCD_MspInit
 .text.HAL_PCD_SetupStageCallback
                0x0000000008006a58        0xc USB_DEVICE/Target/usbd_conf.o
                0x0000000008006a58                HAL_PCD_SetupStageCallback
 .text.HAL_PCD_DataOutStageCallback
                0x0000000008006a64       0x14 USB_DEVICE/Target/usbd_conf.o
                0x0000000008006a64                HAL_PCD_DataOutStageCallback
 .text.HAL_PCD_DataInStageCallback
                0x0000000008006a78       0x14 USB_DEVICE/Target/usbd_conf.o
                0x0000000008006a78                HAL_PCD_DataInStageCallback
 .text.HAL_PCD_SOFCallback
                0x0000000008006a8c        0x8 USB_DEVICE/Target/usbd_conf.o
                0x0000000008006a8c                HAL_PCD_SOFCallback
 .text.HAL_PCD_ResetCallback
                0x0000000008006a94       0x2c USB_DEVICE/Target/usbd_conf.o
                0x0000000008006a94                HAL_PCD_ResetCallback
 .text.HAL_PCD_SuspendCallback
                0x0000000008006ac0       0x30 USB_DEVICE/Target/usbd_conf.o
                0x0000000008006ac0                HAL_PCD_SuspendCallback
 .text.HAL_PCD_ResumeCallback
                0x0000000008006af0        0x8 USB_DEVICE/Target/usbd_conf.o
                0x0000000008006af0                HAL_PCD_ResumeCallback
 .text.HAL_PCD_ISOOUTIncompleteCallback
                0x0000000008006af8        0x8 USB_DEVICE/Target/usbd_conf.o
                0x0000000008006af8                HAL_PCD_ISOOUTIncompleteCallback
 .text.HAL_PCD_ISOINIncompleteCallback
                0x0000000008006b00        0x8 USB_DEVICE/Target/usbd_conf.o
                0x0000000008006b00                HAL_PCD_ISOINIncompleteCallback
 .text.HAL_PCD_ConnectCallback
                0x0000000008006b08        0x8 USB_DEVICE/Target/usbd_conf.o
                0x0000000008006b08                HAL_PCD_ConnectCallback
 .text.HAL_PCD_DisconnectCallback
                0x0000000008006b10        0x8 USB_DEVICE/Target/usbd_conf.o
                0x0000000008006b10                HAL_PCD_DisconnectCallback
 .text.USBD_LL_Init
                0x0000000008006b18       0x64 USB_DEVICE/Target/usbd_conf.o
                0x0000000008006b18                USBD_LL_Init
 .text.USBD_LL_Start
                0x0000000008006b7c       0x1c USB_DEVICE/Target/usbd_conf.o
                0x0000000008006b7c                USBD_LL_Start
 .text.USBD_LL_OpenEP
                0x0000000008006b98       0x20 USB_DEVICE/Target/usbd_conf.o
                0x0000000008006b98                USBD_LL_OpenEP
 .text.USBD_LL_CloseEP
                0x0000000008006bb8       0x1c USB_DEVICE/Target/usbd_conf.o
                0x0000000008006bb8                USBD_LL_CloseEP
 .text.USBD_LL_StallEP
                0x0000000008006bd4       0x1c USB_DEVICE/Target/usbd_conf.o
                0x0000000008006bd4                USBD_LL_StallEP
 .text.USBD_LL_ClearStallEP
                0x0000000008006bf0       0x1c USB_DEVICE/Target/usbd_conf.o
                0x0000000008006bf0                USBD_LL_ClearStallEP
 .text.USBD_LL_IsStallEP
                0x0000000008006c0c       0x28 USB_DEVICE/Target/usbd_conf.o
                0x0000000008006c0c                USBD_LL_IsStallEP
 .text.USBD_LL_SetUSBAddress
                0x0000000008006c34       0x1c USB_DEVICE/Target/usbd_conf.o
                0x0000000008006c34                USBD_LL_SetUSBAddress
 .text.USBD_LL_Transmit
                0x0000000008006c50       0x1c USB_DEVICE/Target/usbd_conf.o
                0x0000000008006c50                USBD_LL_Transmit
 .text.USBD_LL_PrepareReceive
                0x0000000008006c6c       0x1c USB_DEVICE/Target/usbd_conf.o
                0x0000000008006c6c                USBD_LL_PrepareReceive
 .text.USBD_LL_GetRxDataSize
                0x0000000008006c88        0x8 USB_DEVICE/Target/usbd_conf.o
                0x0000000008006c88                USBD_LL_GetRxDataSize
 .text.USBD_static_malloc
                0x0000000008006c90        0x8 USB_DEVICE/Target/usbd_conf.o
                0x0000000008006c90                USBD_static_malloc
 .text.USBD_static_free
                0x0000000008006c98        0x4 USB_DEVICE/Target/usbd_conf.o
                0x0000000008006c98                USBD_static_free
 .text.ili9341_new
                0x0000000008006c9c      0x6fc ili9341/ili9341.o
                0x0000000008006c9c                ili9341_new
 .text.ili9341_spi_tft_select
                0x0000000008007398        0xc ili9341/ili9341.o
                0x0000000008007398                ili9341_spi_tft_select
 .text.ili9341_spi_tft_release
                0x00000000080073a4        0xc ili9341/ili9341.o
                0x00000000080073a4                ili9341_spi_tft_release
 .text.ili9341_spi_write_command
                0x00000000080073b0       0x94 ili9341/ili9341.o
                0x00000000080073b0                ili9341_spi_write_command
 .text.ili9341_spi_write_command_data
                0x0000000008007444       0xe8 ili9341/ili9341.o
                0x0000000008007444                ili9341_spi_write_command_data
 .text.glyph_index
                0x000000000800752c        0xc ili9341/ili9341_font.o
                0x000000000800752c                glyph_index
 .text.ili9341_clip_rect.isra.0
                0x0000000008007538       0xc4 ili9341/ili9341_gfx.o
 .text.ili9341_draw_pixel
                0x00000000080075fc       0xa8 ili9341/ili9341_gfx.o
                0x00000000080075fc                ili9341_draw_pixel
 .text.ili9341_fill_rect
                0x00000000080076a4      0x168 ili9341/ili9341_gfx.o
                0x00000000080076a4                ili9341_fill_rect
 .text.ili9341_draw_line
                0x000000000800780c      0x190 ili9341/ili9341_gfx.o
                0x000000000800780c                ili9341_draw_line
 .text.ili9341_draw_rect
                0x000000000800799c       0x68 ili9341/ili9341_gfx.o
                0x000000000800799c                ili9341_draw_rect
 .text.ili9341_fill_screen
                0x0000000008007a04       0x18 ili9341/ili9341_gfx.o
                0x0000000008007a04                ili9341_fill_screen
 .text.ili9341_draw_char
                0x0000000008007a1c      0x1ac ili9341/ili9341_gfx.o
                0x0000000008007a1c                ili9341_draw_char
 .text.ili9341_draw_string
                0x0000000008007bc8       0x58 ili9341/ili9341_gfx.o
                0x0000000008007bc8                ili9341_draw_string
 .text.adcStart
                0x0000000008007c20       0x14 src/adc.o
                0x0000000008007c20                adcStart
 .text.adcSmoothen
                0x0000000008007c34       0xac src/adc.o
                0x0000000008007c34                adcSmoothen
 .text.AudioAgc_AgcWdsp_Init
                0x0000000008007ce0       0x48 src/agc.o
                0x0000000008007ce0                AudioAgc_AgcWdsp_Init
 .text.AudioAgc_SetupAgcWdsp
                0x0000000008007d28      0x600 src/agc.o
                0x0000000008007d28                AudioAgc_SetupAgcWdsp
 .text.AICinit  0x0000000008008328      0x290 src/aic23b.o
                0x0000000008008328                AICinit
 .text.btnScan  0x00000000080085b8      0x2b4 src/buttons.o
                0x00000000080085b8                btnScan
 .text.btnUpdateFromADC
                0x000000000800886c       0xdc src/buttons.o
                0x000000000800886c                btnUpdateFromADC
 .text.dspInit  0x0000000008008948       0x84 src/dsp.o
                0x0000000008008948                dspInit
 .text.dspStartAudio
                0x00000000080089cc       0x1c src/dsp.o
                0x00000000080089cc                dspStartAudio
 .text.dspProc  0x00000000080089e8      0x2b0 src/dsp.o
                0x00000000080089e8                dspProc
 .text.getAudioLoadPossible
                0x0000000008008c98       0x1c src/dsp.o
                0x0000000008008c98                getAudioLoadPossible
 .text.HAL_I2SEx_TxRxCpltCallback
                0x0000000008008cb4       0x14 src/dsp.o
                0x0000000008008cb4                HAL_I2SEx_TxRxCpltCallback
 .text.HAL_I2SEx_TxRxHalfCpltCallback
                0x0000000008008cc8       0x18 src/dsp.o
                0x0000000008008cc8                HAL_I2SEx_TxRxHalfCpltCallback
 .text.encInputRoutine
                0x0000000008008ce0       0x7c src/encoder.o
                0x0000000008008ce0                encInputRoutine
 .text.fftInit  0x0000000008008d5c       0x10 src/fir.o
                0x0000000008008d5c                fftInit
 .text.firInit  0x0000000008008d6c       0x3c src/fir.o
                0x0000000008008d6c                firInit
 .text.firTest  0x0000000008008da8       0x28 src/fir.o
                0x0000000008008da8                firTest
 .text.gfxLabelSet
                0x0000000008008dd0       0x60 src/gfx.o
                0x0000000008008dd0                gfxLabelSet
 .text.gfxItemsInit
                0x0000000008008e30       0x74 src/gfx.o
                0x0000000008008e30                gfxItemsInit
 .text.gfxBarSet
                0x0000000008008ea4       0x3c src/gfx.o
                0x0000000008008ea4                gfxBarSet
 .text.btnTest1
                0x0000000008008ee0       0x24 src/gfx.o
                0x0000000008008ee0                btnTest1
 .text.btnTest2
                0x0000000008008f04       0x24 src/gfx.o
                0x0000000008008f04                btnTest2
 .text.gfxItemsRedraw
                0x0000000008008f28      0x1ac src/gfx.o
                0x0000000008008f28                gfxItemsRedraw
 .text.initHardware
                0x00000000080090d4       0x10 src/hw.o
                0x00000000080090d4                initHardware
 .text.LCDinit  0x00000000080090e4       0x50 src/lcd.o
                0x00000000080090e4                LCDinit
 .text.genInit  0x0000000008009134       0x24 src/local_gen.o
                0x0000000008009134                genInit
 .text.genSetFreq
                0x0000000008009158       0x34 src/local_gen.o
                0x0000000008009158                genSetFreq
 *fill*         0x000000000800918c        0x4 
 .text.genGetValue
                0x0000000008009190       0xd4 src/local_gen.o
                0x0000000008009190                genGetValue
 .text.debugPrint
                0x0000000008009264       0x9c src/tools.o
                0x0000000008009264                debugPrint
 .text.debugPrintColor
                0x0000000008009300       0xe4 src/tools.o
                0x0000000008009300                debugPrintColor
 .text.debugInit
                0x00000000080093e4       0x78 src/tools.o
                0x00000000080093e4                debugInit
 .text.preciseTimerValue
                0x000000000800945c        0xc src/tools.o
                0x000000000800945c                preciseTimerValue
 .text.preciseTimerIncrease
                0x0000000008009468       0x14 src/tools.o
                0x0000000008009468                preciseTimerIncrease
 .text.arm_copy_f32
                0x000000000800947c       0x60 C:\Google Drive\cubeIDE_workspace\radio407\Drivers\CMSIS\Lib\GCC\libarm_cortexM4lf_math.a(arm_copy_f32.o)
                0x000000000800947c                arm_copy_f32
 .text.arm_cfft_radix4_init_f32
                0x00000000080094dc       0xc4 C:\Google Drive\cubeIDE_workspace\radio407\Drivers\CMSIS\Lib\GCC\libarm_cortexM4lf_math.a(arm_cfft_radix4_init_f32.o)
                0x00000000080094dc                arm_cfft_radix4_init_f32
 .text.arm_fir_init_f32
                0x00000000080095a0       0x24 C:\Google Drive\cubeIDE_workspace\radio407\Drivers\CMSIS\Lib\GCC\libarm_cortexM4lf_math.a(arm_fir_init_f32.o)
                0x00000000080095a0                arm_fir_init_f32
 .text.arm_fir_f32
                0x00000000080095c4      0x4c8 C:\Google Drive\cubeIDE_workspace\radio407\Drivers\CMSIS\Lib\GCC\libarm_cortexM4lf_math.a(arm_fir_f32.o)
                0x00000000080095c4                arm_fir_f32
 .text.arm_sin_f32
                0x0000000008009a8c       0x9c C:\Google Drive\cubeIDE_workspace\radio407\Drivers\CMSIS\Lib\GCC\libarm_cortexM4lf_math.a(arm_sin_f32.o)
                0x0000000008009a8c                arm_sin_f32
 .text.arm_cos_f32
                0x0000000008009b28       0x80 C:\Google Drive\cubeIDE_workspace\radio407\Drivers\CMSIS\Lib\GCC\libarm_cortexM4lf_math.a(arm_cos_f32.o)
                0x0000000008009b28                arm_cos_f32
 .text.arm_scale_f32
                0x0000000008009ba8       0x6c C:\Google Drive\cubeIDE_workspace\radio407\Drivers\CMSIS\Lib\GCC\libarm_cortexM4lf_math.a(arm_scale_f32.o)
                0x0000000008009ba8                arm_scale_f32
 .text.arm_mult_f32
                0x0000000008009c14       0x8c C:\Google Drive\cubeIDE_workspace\radio407\Drivers\CMSIS\Lib\GCC\libarm_cortexM4lf_math.a(arm_mult_f32.o)
                0x0000000008009c14                arm_mult_f32
 .text.arm_add_f32
                0x0000000008009ca0       0x8c C:\Google Drive\cubeIDE_workspace\radio407\Drivers\CMSIS\Lib\GCC\libarm_cortexM4lf_math.a(arm_add_f32.o)
                0x0000000008009ca0                arm_add_f32
 .text.__errno  0x0000000008009d2c        0xc d:/st/stm32cubeide_1.6.1/stm32cubeide/plugins/com.st.stm32cube.ide.mcu.externaltools.gnu-tools-for-stm32.9-2020-q2-update.win32_1.5.0.202011040924/tools/bin/../lib/gcc/arm-none-eabi/9.3.1/../../../../arm-none-eabi/lib/thumb/v7e-m+fp/hard\libc_nano.a(lib_a-errno.o)
                0x0000000008009d2c                __errno
 .text.__libc_init_array
                0x0000000008009d38       0x48 d:/st/stm32cubeide_1.6.1/stm32cubeide/plugins/com.st.stm32cube.ide.mcu.externaltools.gnu-tools-for-stm32.9-2020-q2-update.win32_1.5.0.202011040924/tools/bin/../lib/gcc/arm-none-eabi/9.3.1/../../../../arm-none-eabi/lib/thumb/v7e-m+fp/hard\libc_nano.a(lib_a-init.o)
                0x0000000008009d38                __libc_init_array
 .text.malloc   0x0000000008009d80       0x10 d:/st/stm32cubeide_1.6.1/stm32cubeide/plugins/com.st.stm32cube.ide.mcu.externaltools.gnu-tools-for-stm32.9-2020-q2-update.win32_1.5.0.202011040924/tools/bin/../lib/gcc/arm-none-eabi/9.3.1/../../../../arm-none-eabi/lib/thumb/v7e-m+fp/hard\libc_nano.a(lib_a-malloc.o)
                0x0000000008009d80                malloc
 .text.free     0x0000000008009d90       0x10 d:/st/stm32cubeide_1.6.1/stm32cubeide/plugins/com.st.stm32cube.ide.mcu.externaltools.gnu-tools-for-stm32.9-2020-q2-update.win32_1.5.0.202011040924/tools/bin/../lib/gcc/arm-none-eabi/9.3.1/../../../../arm-none-eabi/lib/thumb/v7e-m+fp/hard\libc_nano.a(lib_a-malloc.o)
                0x0000000008009d90                free
 .text.memcpy   0x0000000008009da0       0x1c d:/st/stm32cubeide_1.6.1/stm32cubeide/plugins/com.st.stm32cube.ide.mcu.externaltools.gnu-tools-for-stm32.9-2020-q2-update.win32_1.5.0.202011040924/tools/bin/../lib/gcc/arm-none-eabi/9.3.1/../../../../arm-none-eabi/lib/thumb/v7e-m+fp/hard\libc_nano.a(lib_a-memcpy-stub.o)
                0x0000000008009da0                memcpy
 .text.memset   0x0000000008009dbc       0x10 d:/st/stm32cubeide_1.6.1/stm32cubeide/plugins/com.st.stm32cube.ide.mcu.externaltools.gnu-tools-for-stm32.9-2020-q2-update.win32_1.5.0.202011040924/tools/bin/../lib/gcc/arm-none-eabi/9.3.1/../../../../arm-none-eabi/lib/thumb/v7e-m+fp/hard\libc_nano.a(lib_a-memset.o)
                0x0000000008009dbc                memset
 .text._free_r  0x0000000008009dcc       0xa0 d:/st/stm32cubeide_1.6.1/stm32cubeide/plugins/com.st.stm32cube.ide.mcu.externaltools.gnu-tools-for-stm32.9-2020-q2-update.win32_1.5.0.202011040924/tools/bin/../lib/gcc/arm-none-eabi/9.3.1/../../../../arm-none-eabi/lib/thumb/v7e-m+fp/hard\libc_nano.a(lib_a-nano-freer.o)
                0x0000000008009dcc                _free_r
 .text._malloc_r
                0x0000000008009e6c       0xb4 d:/st/stm32cubeide_1.6.1/stm32cubeide/plugins/com.st.stm32cube.ide.mcu.externaltools.gnu-tools-for-stm32.9-2020-q2-update.win32_1.5.0.202011040924/tools/bin/../lib/gcc/arm-none-eabi/9.3.1/../../../../arm-none-eabi/lib/thumb/v7e-m+fp/hard\libc_nano.a(lib_a-nano-mallocr.o)
                0x0000000008009e6c                _malloc_r
 .text.__cvt    0x0000000008009f20       0xc4 d:/st/stm32cubeide_1.6.1/stm32cubeide/plugins/com.st.stm32cube.ide.mcu.externaltools.gnu-tools-for-stm32.9-2020-q2-update.win32_1.5.0.202011040924/tools/bin/../lib/gcc/arm-none-eabi/9.3.1/../../../../arm-none-eabi/lib/thumb/v7e-m+fp/hard\libc_nano.a(lib_a-nano-vfprintf_float.o)
                0x0000000008009f20                __cvt
 .text.__exponent
                0x0000000008009fe4       0x7c d:/st/stm32cubeide_1.6.1/stm32cubeide/plugins/com.st.stm32cube.ide.mcu.externaltools.gnu-tools-for-stm32.9-2020-q2-update.win32_1.5.0.202011040924/tools/bin/../lib/gcc/arm-none-eabi/9.3.1/../../../../arm-none-eabi/lib/thumb/v7e-m+fp/hard\libc_nano.a(lib_a-nano-vfprintf_float.o)
                0x0000000008009fe4                __exponent
 .text._printf_float
                0x000000000800a060      0x46c d:/st/stm32cubeide_1.6.1/stm32cubeide/plugins/com.st.stm32cube.ide.mcu.externaltools.gnu-tools-for-stm32.9-2020-q2-update.win32_1.5.0.202011040924/tools/bin/../lib/gcc/arm-none-eabi/9.3.1/../../../../arm-none-eabi/lib/thumb/v7e-m+fp/hard\libc_nano.a(lib_a-nano-vfprintf_float.o)
                0x000000000800a060                _printf_float
 .text._printf_common
                0x000000000800a4cc       0xda d:/st/stm32cubeide_1.6.1/stm32cubeide/plugins/com.st.stm32cube.ide.mcu.externaltools.gnu-tools-for-stm32.9-2020-q2-update.win32_1.5.0.202011040924/tools/bin/../lib/gcc/arm-none-eabi/9.3.1/../../../../arm-none-eabi/lib/thumb/v7e-m+fp/hard\libc_nano.a(lib_a-nano-vfprintf_i.o)
                0x000000000800a4cc                _printf_common
 *fill*         0x000000000800a5a6        0x2 
 .text._printf_i
                0x000000000800a5a8      0x24c d:/st/stm32cubeide_1.6.1/stm32cubeide/plugins/com.st.stm32cube.ide.mcu.externaltools.gnu-tools-for-stm32.9-2020-q2-update.win32_1.5.0.202011040924/tools/bin/../lib/gcc/arm-none-eabi/9.3.1/../../../../arm-none-eabi/lib/thumb/v7e-m+fp/hard\libc_nano.a(lib_a-nano-vfprintf_i.o)
                0x000000000800a5a8                _printf_i
 .text._sbrk_r  0x000000000800a7f4       0x20 d:/st/stm32cubeide_1.6.1/stm32cubeide/plugins/com.st.stm32cube.ide.mcu.externaltools.gnu-tools-for-stm32.9-2020-q2-update.win32_1.5.0.202011040924/tools/bin/../lib/gcc/arm-none-eabi/9.3.1/../../../../arm-none-eabi/lib/thumb/v7e-m+fp/hard\libc_nano.a(lib_a-sbrkr.o)
                0x000000000800a7f4                _sbrk_r
 .text.sprintf  0x000000000800a814       0x40 d:/st/stm32cubeide_1.6.1/stm32cubeide/plugins/com.st.stm32cube.ide.mcu.externaltools.gnu-tools-for-stm32.9-2020-q2-update.win32_1.5.0.202011040924/tools/bin/../lib/gcc/arm-none-eabi/9.3.1/../../../../arm-none-eabi/lib/thumb/v7e-m+fp/hard\libc_nano.a(lib_a-sprintf.o)
                0x000000000800a814                siprintf
                0x000000000800a814                sprintf
 .text.stpcpy   0x000000000800a854       0x12 d:/st/stm32cubeide_1.6.1/stm32cubeide/plugins/com.st.stm32cube.ide.mcu.externaltools.gnu-tools-for-stm32.9-2020-q2-update.win32_1.5.0.202011040924/tools/bin/../lib/gcc/arm-none-eabi/9.3.1/../../../../arm-none-eabi/lib/thumb/v7e-m+fp/hard\libc_nano.a(lib_a-stpcpy.o)
                0x000000000800a854                stpcpy
 .text.strcat   0x000000000800a866       0x1e d:/st/stm32cubeide_1.6.1/stm32cubeide/plugins/com.st.stm32cube.ide.mcu.externaltools.gnu-tools-for-stm32.9-2020-q2-update.win32_1.5.0.202011040924/tools/bin/../lib/gcc/arm-none-eabi/9.3.1/../../../../arm-none-eabi/lib/thumb/v7e-m+fp/hard\libc_nano.a(lib_a-strcat.o)
                0x000000000800a866                strcat
 .text._vsnprintf_r
                0x000000000800a884       0x58 d:/st/stm32cubeide_1.6.1/stm32cubeide/plugins/com.st.stm32cube.ide.mcu.externaltools.gnu-tools-for-stm32.9-2020-q2-update.win32_1.5.0.202011040924/tools/bin/../lib/gcc/arm-none-eabi/9.3.1/../../../../arm-none-eabi/lib/thumb/v7e-m+fp/hard\libc_nano.a(lib_a-vsnprintf.o)
                0x000000000800a884                _vsniprintf_r
                0x000000000800a884                _vsnprintf_r
 .text.vsnprintf
                0x000000000800a8dc       0x1c d:/st/stm32cubeide_1.6.1/stm32cubeide/plugins/com.st.stm32cube.ide.mcu.externaltools.gnu-tools-for-stm32.9-2020-q2-update.win32_1.5.0.202011040924/tools/bin/../lib/gcc/arm-none-eabi/9.3.1/../../../../arm-none-eabi/lib/thumb/v7e-m+fp/hard\libc_nano.a(lib_a-vsnprintf.o)
                0x000000000800a8dc                vsniprintf
                0x000000000800a8dc                vsnprintf
 .text.__assert_func
                0x000000000800a8f8       0x3c d:/st/stm32cubeide_1.6.1/stm32cubeide/plugins/com.st.stm32cube.ide.mcu.externaltools.gnu-tools-for-stm32.9-2020-q2-update.win32_1.5.0.202011040924/tools/bin/../lib/gcc/arm-none-eabi/9.3.1/../../../../arm-none-eabi/lib/thumb/v7e-m+fp/hard\libc_nano.a(lib_a-assert.o)
                0x000000000800a8f8                __assert_func
 .text.quorem   0x000000000800a934      0x116 d:/st/stm32cubeide_1.6.1/stm32cubeide/plugins/com.st.stm32cube.ide.mcu.externaltools.gnu-tools-for-stm32.9-2020-q2-update.win32_1.5.0.202011040924/tools/bin/../lib/gcc/arm-none-eabi/9.3.1/../../../../arm-none-eabi/lib/thumb/v7e-m+fp/hard\libc_nano.a(lib_a-dtoa.o)
 *fill*         0x000000000800aa4a        0x6 
 .text._dtoa_r  0x000000000800aa50      0xbd8 d:/st/stm32cubeide_1.6.1/stm32cubeide/plugins/com.st.stm32cube.ide.mcu.externaltools.gnu-tools-for-stm32.9-2020-q2-update.win32_1.5.0.202011040924/tools/bin/../lib/gcc/arm-none-eabi/9.3.1/../../../../arm-none-eabi/lib/thumb/v7e-m+fp/hard\libc_nano.a(lib_a-dtoa.o)
                0x000000000800aa50                _dtoa_r
 .text.fprintf  0x000000000800b628       0x24 d:/st/stm32cubeide_1.6.1/stm32cubeide/plugins/com.st.stm32cube.ide.mcu.externaltools.gnu-tools-for-stm32.9-2020-q2-update.win32_1.5.0.202011040924/tools/bin/../lib/gcc/arm-none-eabi/9.3.1/../../../../arm-none-eabi/lib/thumb/v7e-m+fp/hard\libc_nano.a(lib_a-fprintf.o)
                0x000000000800b628                fiprintf
                0x000000000800b628                fprintf
 .text._localeconv_r
                0x000000000800b64c        0x8 d:/st/stm32cubeide_1.6.1/stm32cubeide/plugins/com.st.stm32cube.ide.mcu.externaltools.gnu-tools-for-stm32.9-2020-q2-update.win32_1.5.0.202011040924/tools/bin/../lib/gcc/arm-none-eabi/9.3.1/../../../../arm-none-eabi/lib/thumb/v7e-m+fp/hard\libc_nano.a(lib_a-localeconv.o)
                0x000000000800b64c                _localeconv_r
 .text.__malloc_lock
                0x000000000800b654        0xc d:/st/stm32cubeide_1.6.1/stm32cubeide/plugins/com.st.stm32cube.ide.mcu.externaltools.gnu-tools-for-stm32.9-2020-q2-update.win32_1.5.0.202011040924/tools/bin/../lib/gcc/arm-none-eabi/9.3.1/../../../../arm-none-eabi/lib/thumb/v7e-m+fp/hard\libc_nano.a(lib_a-mlock.o)
                0x000000000800b654                __malloc_lock
 .text.__malloc_unlock
                0x000000000800b660        0xc d:/st/stm32cubeide_1.6.1/stm32cubeide/plugins/com.st.stm32cube.ide.mcu.externaltools.gnu-tools-for-stm32.9-2020-q2-update.win32_1.5.0.202011040924/tools/bin/../lib/gcc/arm-none-eabi/9.3.1/../../../../arm-none-eabi/lib/thumb/v7e-m+fp/hard\libc_nano.a(lib_a-mlock.o)
                0x000000000800b660                __malloc_unlock
 .text._Balloc  0x000000000800b66c       0x80 d:/st/stm32cubeide_1.6.1/stm32cubeide/plugins/com.st.stm32cube.ide.mcu.externaltools.gnu-tools-for-stm32.9-2020-q2-update.win32_1.5.0.202011040924/tools/bin/../lib/gcc/arm-none-eabi/9.3.1/../../../../arm-none-eabi/lib/thumb/v7e-m+fp/hard\libc_nano.a(lib_a-mprec.o)
                0x000000000800b66c                _Balloc
 .text._Bfree   0x000000000800b6ec       0x44 d:/st/stm32cubeide_1.6.1/stm32cubeide/plugins/com.st.stm32cube.ide.mcu.externaltools.gnu-tools-for-stm32.9-2020-q2-update.win32_1.5.0.202011040924/tools/bin/../lib/gcc/arm-none-eabi/9.3.1/../../../../arm-none-eabi/lib/thumb/v7e-m+fp/hard\libc_nano.a(lib_a-mprec.o)
                0x000000000800b6ec                _Bfree
 .text.__multadd
                0x000000000800b730       0x94 d:/st/stm32cubeide_1.6.1/stm32cubeide/plugins/com.st.stm32cube.ide.mcu.externaltools.gnu-tools-for-stm32.9-2020-q2-update.win32_1.5.0.202011040924/tools/bin/../lib/gcc/arm-none-eabi/9.3.1/../../../../arm-none-eabi/lib/thumb/v7e-m+fp/hard\libc_nano.a(lib_a-mprec.o)
                0x000000000800b730                __multadd
 .text.__hi0bits
                0x000000000800b7c4       0x40 d:/st/stm32cubeide_1.6.1/stm32cubeide/plugins/com.st.stm32cube.ide.mcu.externaltools.gnu-tools-for-stm32.9-2020-q2-update.win32_1.5.0.202011040924/tools/bin/../lib/gcc/arm-none-eabi/9.3.1/../../../../arm-none-eabi/lib/thumb/v7e-m+fp/hard\libc_nano.a(lib_a-mprec.o)
                0x000000000800b7c4                __hi0bits
 .text.__lo0bits
                0x000000000800b804       0x60 d:/st/stm32cubeide_1.6.1/stm32cubeide/plugins/com.st.stm32cube.ide.mcu.externaltools.gnu-tools-for-stm32.9-2020-q2-update.win32_1.5.0.202011040924/tools/bin/../lib/gcc/arm-none-eabi/9.3.1/../../../../arm-none-eabi/lib/thumb/v7e-m+fp/hard\libc_nano.a(lib_a-mprec.o)
                0x000000000800b804                __lo0bits
 .text.__i2b    0x000000000800b864       0x2c d:/st/stm32cubeide_1.6.1/stm32cubeide/plugins/com.st.stm32cube.ide.mcu.externaltools.gnu-tools-for-stm32.9-2020-q2-update.win32_1.5.0.202011040924/tools/bin/../lib/gcc/arm-none-eabi/9.3.1/../../../../arm-none-eabi/lib/thumb/v7e-m+fp/hard\libc_nano.a(lib_a-mprec.o)
                0x000000000800b864                __i2b
 .text.__multiply
                0x000000000800b890      0x14c d:/st/stm32cubeide_1.6.1/stm32cubeide/plugins/com.st.stm32cube.ide.mcu.externaltools.gnu-tools-for-stm32.9-2020-q2-update.win32_1.5.0.202011040924/tools/bin/../lib/gcc/arm-none-eabi/9.3.1/../../../../arm-none-eabi/lib/thumb/v7e-m+fp/hard\libc_nano.a(lib_a-mprec.o)
                0x000000000800b890                __multiply
 .text.__pow5mult
                0x000000000800b9dc       0xb4 d:/st/stm32cubeide_1.6.1/stm32cubeide/plugins/com.st.stm32cube.ide.mcu.externaltools.gnu-tools-for-stm32.9-2020-q2-update.win32_1.5.0.202011040924/tools/bin/../lib/gcc/arm-none-eabi/9.3.1/../../../../arm-none-eabi/lib/thumb/v7e-m+fp/hard\libc_nano.a(lib_a-mprec.o)
                0x000000000800b9dc                __pow5mult
 .text.__lshift
                0x000000000800ba90       0xd8 d:/st/stm32cubeide_1.6.1/stm32cubeide/plugins/com.st.stm32cube.ide.mcu.externaltools.gnu-tools-for-stm32.9-2020-q2-update.win32_1.5.0.202011040924/tools/bin/../lib/gcc/arm-none-eabi/9.3.1/../../../../arm-none-eabi/lib/thumb/v7e-m+fp/hard\libc_nano.a(lib_a-mprec.o)
                0x000000000800ba90                __lshift
 .text.__mcmp   0x000000000800bb68       0x38 d:/st/stm32cubeide_1.6.1/stm32cubeide/plugins/com.st.stm32cube.ide.mcu.externaltools.gnu-tools-for-stm32.9-2020-q2-update.win32_1.5.0.202011040924/tools/bin/../lib/gcc/arm-none-eabi/9.3.1/../../../../arm-none-eabi/lib/thumb/v7e-m+fp/hard\libc_nano.a(lib_a-mprec.o)
                0x000000000800bb68                __mcmp
 .text.__mdiff  0x000000000800bba0      0x110 d:/st/stm32cubeide_1.6.1/stm32cubeide/plugins/com.st.stm32cube.ide.mcu.externaltools.gnu-tools-for-stm32.9-2020-q2-update.win32_1.5.0.202011040924/tools/bin/../lib/gcc/arm-none-eabi/9.3.1/../../../../arm-none-eabi/lib/thumb/v7e-m+fp/hard\libc_nano.a(lib_a-mprec.o)
                0x000000000800bba0                __mdiff
 .text.__d2b    0x000000000800bcb0       0xb8 d:/st/stm32cubeide_1.6.1/stm32cubeide/plugins/com.st.stm32cube.ide.mcu.externaltools.gnu-tools-for-stm32.9-2020-q2-update.win32_1.5.0.202011040924/tools/bin/../lib/gcc/arm-none-eabi/9.3.1/../../../../arm-none-eabi/lib/thumb/v7e-m+fp/hard\libc_nano.a(lib_a-mprec.o)
                0x000000000800bcb0                __d2b
 .text._calloc_r
                0x000000000800bd68       0x1e d:/st/stm32cubeide_1.6.1/stm32cubeide/plugins/com.st.stm32cube.ide.mcu.externaltools.gnu-tools-for-stm32.9-2020-q2-update.win32_1.5.0.202011040924/tools/bin/../lib/gcc/arm-none-eabi/9.3.1/../../../../arm-none-eabi/lib/thumb/v7e-m+fp/hard\libc_nano.a(lib_a-nano-callocr.o)
                0x000000000800bd68                _calloc_r
 .text.__ssputs_r
                0x000000000800bd86       0xb6 d:/st/stm32cubeide_1.6.1/stm32cubeide/plugins/com.st.stm32cube.ide.mcu.externaltools.gnu-tools-for-stm32.9-2020-q2-update.win32_1.5.0.202011040924/tools/bin/../lib/gcc/arm-none-eabi/9.3.1/../../../../arm-none-eabi/lib/thumb/v7e-m+fp/hard\libc_nano.a(lib_a-nano-svfprintf.o)
                0x000000000800bd86                __ssputs_r
 .text._svfprintf_r
                0x000000000800be3c      0x200 d:/st/stm32cubeide_1.6.1/stm32cubeide/plugins/com.st.stm32cube.ide.mcu.externaltools.gnu-tools-for-stm32.9-2020-q2-update.win32_1.5.0.202011040924/tools/bin/../lib/gcc/arm-none-eabi/9.3.1/../../../../arm-none-eabi/lib/thumb/v7e-m+fp/hard\libc_nano.a(lib_a-nano-svfprintf.o)
                0x000000000800be3c                _svfiprintf_r
                0x000000000800be3c                _svfprintf_r
 .text.__sfputc_r
                0x000000000800c03c       0x2e d:/st/stm32cubeide_1.6.1/stm32cubeide/plugins/com.st.stm32cube.ide.mcu.externaltools.gnu-tools-for-stm32.9-2020-q2-update.win32_1.5.0.202011040924/tools/bin/../lib/gcc/arm-none-eabi/9.3.1/../../../../arm-none-eabi/lib/thumb/v7e-m+fp/hard\libc_nano.a(lib_a-nano-vfprintf.o)
 .text.__sfputs_r
                0x000000000800c06a       0x24 d:/st/stm32cubeide_1.6.1/stm32cubeide/plugins/com.st.stm32cube.ide.mcu.externaltools.gnu-tools-for-stm32.9-2020-q2-update.win32_1.5.0.202011040924/tools/bin/../lib/gcc/arm-none-eabi/9.3.1/../../../../arm-none-eabi/lib/thumb/v7e-m+fp/hard\libc_nano.a(lib_a-nano-vfprintf.o)
                0x000000000800c06a                __sfputs_r
 *fill*         0x000000000800c08e        0x2 
 .text._vfprintf_r
                0x000000000800c090      0x260 d:/st/stm32cubeide_1.6.1/stm32cubeide/plugins/com.st.stm32cube.ide.mcu.externaltools.gnu-tools-for-stm32.9-2020-q2-update.win32_1.5.0.202011040924/tools/bin/../lib/gcc/arm-none-eabi/9.3.1/../../../../arm-none-eabi/lib/thumb/v7e-m+fp/hard\libc_nano.a(lib_a-nano-vfprintf.o)
                0x000000000800c090                _vfprintf_r
                0x000000000800c090                _vfiprintf_r
 .text.__swbuf_r
                0x000000000800c2f0       0xa4 d:/st/stm32cubeide_1.6.1/stm32cubeide/plugins/com.st.stm32cube.ide.mcu.externaltools.gnu-tools-for-stm32.9-2020-q2-update.win32_1.5.0.202011040924/tools/bin/../lib/gcc/arm-none-eabi/9.3.1/../../../../arm-none-eabi/lib/thumb/v7e-m+fp/hard\libc_nano.a(lib_a-wbuf.o)
                0x000000000800c2f0                __swbuf_r
 .text.__swsetup_r
                0x000000000800c394       0xdc d:/st/stm32cubeide_1.6.1/stm32cubeide/plugins/com.st.stm32cube.ide.mcu.externaltools.gnu-tools-for-stm32.9-2020-q2-update.win32_1.5.0.202011040924/tools/bin/../lib/gcc/arm-none-eabi/9.3.1/../../../../arm-none-eabi/lib/thumb/v7e-m+fp/hard\libc_nano.a(lib_a-wsetup.o)
                0x000000000800c394                __swsetup_r
 .text.abort    0x000000000800c470        0xe d:/st/stm32cubeide_1.6.1/stm32cubeide/plugins/com.st.stm32cube.ide.mcu.externaltools.gnu-tools-for-stm32.9-2020-q2-update.win32_1.5.0.202011040924/tools/bin/../lib/gcc/arm-none-eabi/9.3.1/../../../../arm-none-eabi/lib/thumb/v7e-m+fp/hard\libc_nano.a(lib_a-abort.o)
                0x000000000800c470                abort
 *fill*         0x000000000800c47e        0x2 
 .text.__sflush_r
                0x000000000800c480      0x10c d:/st/stm32cubeide_1.6.1/stm32cubeide/plugins/com.st.stm32cube.ide.mcu.externaltools.gnu-tools-for-stm32.9-2020-q2-update.win32_1.5.0.202011040924/tools/bin/../lib/gcc/arm-none-eabi/9.3.1/../../../../arm-none-eabi/lib/thumb/v7e-m+fp/hard\libc_nano.a(lib_a-fflush.o)
                0x000000000800c480                __sflush_r
 .text._fflush_r
                0x000000000800c58c       0x78 d:/st/stm32cubeide_1.6.1/stm32cubeide/plugins/com.st.stm32cube.ide.mcu.externaltools.gnu-tools-for-stm32.9-2020-q2-update.win32_1.5.0.202011040924/tools/bin/../lib/gcc/arm-none-eabi/9.3.1/../../../../arm-none-eabi/lib/thumb/v7e-m+fp/hard\libc_nano.a(lib_a-fflush.o)
                0x000000000800c58c                _fflush_r
 .text.std      0x000000000800c604       0x48 d:/st/stm32cubeide_1.6.1/stm32cubeide/plugins/com.st.stm32cube.ide.mcu.externaltools.gnu-tools-for-stm32.9-2020-q2-update.win32_1.5.0.202011040924/tools/bin/../lib/gcc/arm-none-eabi/9.3.1/../../../../arm-none-eabi/lib/thumb/v7e-m+fp/hard\libc_nano.a(lib_a-findfp.o)
 .text._cleanup_r
                0x000000000800c64c        0xc d:/st/stm32cubeide_1.6.1/stm32cubeide/plugins/com.st.stm32cube.ide.mcu.externaltools.gnu-tools-for-stm32.9-2020-q2-update.win32_1.5.0.202011040924/tools/bin/../lib/gcc/arm-none-eabi/9.3.1/../../../../arm-none-eabi/lib/thumb/v7e-m+fp/hard\libc_nano.a(lib_a-findfp.o)
                0x000000000800c64c                _cleanup_r
 .text.__sfmoreglue
                0x000000000800c658       0x2c d:/st/stm32cubeide_1.6.1/stm32cubeide/plugins/com.st.stm32cube.ide.mcu.externaltools.gnu-tools-for-stm32.9-2020-q2-update.win32_1.5.0.202011040924/tools/bin/../lib/gcc/arm-none-eabi/9.3.1/../../../../arm-none-eabi/lib/thumb/v7e-m+fp/hard\libc_nano.a(lib_a-findfp.o)
                0x000000000800c658                __sfmoreglue
 .text.__sfp_lock_acquire
                0x000000000800c684        0xc d:/st/stm32cubeide_1.6.1/stm32cubeide/plugins/com.st.stm32cube.ide.mcu.externaltools.gnu-tools-for-stm32.9-2020-q2-update.win32_1.5.0.202011040924/tools/bin/../lib/gcc/arm-none-eabi/9.3.1/../../../../arm-none-eabi/lib/thumb/v7e-m+fp/hard\libc_nano.a(lib_a-findfp.o)
                0x000000000800c684                __sfp_lock_acquire
 .text.__sfp_lock_release
                0x000000000800c690        0xc d:/st/stm32cubeide_1.6.1/stm32cubeide/plugins/com.st.stm32cube.ide.mcu.externaltools.gnu-tools-for-stm32.9-2020-q2-update.win32_1.5.0.202011040924/tools/bin/../lib/gcc/arm-none-eabi/9.3.1/../../../../arm-none-eabi/lib/thumb/v7e-m+fp/hard\libc_nano.a(lib_a-findfp.o)
                0x000000000800c690                __sfp_lock_release
 .text.__sinit_lock_acquire
                0x000000000800c69c        0xc d:/st/stm32cubeide_1.6.1/stm32cubeide/plugins/com.st.stm32cube.ide.mcu.externaltools.gnu-tools-for-stm32.9-2020-q2-update.win32_1.5.0.202011040924/tools/bin/../lib/gcc/arm-none-eabi/9.3.1/../../../../arm-none-eabi/lib/thumb/v7e-m+fp/hard\libc_nano.a(lib_a-findfp.o)
                0x000000000800c69c                __sinit_lock_acquire
 .text.__sinit_lock_release
                0x000000000800c6a8        0xc d:/st/stm32cubeide_1.6.1/stm32cubeide/plugins/com.st.stm32cube.ide.mcu.externaltools.gnu-tools-for-stm32.9-2020-q2-update.win32_1.5.0.202011040924/tools/bin/../lib/gcc/arm-none-eabi/9.3.1/../../../../arm-none-eabi/lib/thumb/v7e-m+fp/hard\libc_nano.a(lib_a-findfp.o)
                0x000000000800c6a8                __sinit_lock_release
 .text.__sinit  0x000000000800c6b4       0x70 d:/st/stm32cubeide_1.6.1/stm32cubeide/plugins/com.st.stm32cube.ide.mcu.externaltools.gnu-tools-for-stm32.9-2020-q2-update.win32_1.5.0.202011040924/tools/bin/../lib/gcc/arm-none-eabi/9.3.1/../../../../arm-none-eabi/lib/thumb/v7e-m+fp/hard\libc_nano.a(lib_a-findfp.o)
                0x000000000800c6b4                __sinit
 .text.__sfp    0x000000000800c724       0x8c d:/st/stm32cubeide_1.6.1/stm32cubeide/plugins/com.st.stm32cube.ide.mcu.externaltools.gnu-tools-for-stm32.9-2020-q2-update.win32_1.5.0.202011040924/tools/bin/../lib/gcc/arm-none-eabi/9.3.1/../../../../arm-none-eabi/lib/thumb/v7e-m+fp/hard\libc_nano.a(lib_a-findfp.o)
                0x000000000800c724                __sfp
 .text._fwalk_reent
                0x000000000800c7b0       0x3e d:/st/stm32cubeide_1.6.1/stm32cubeide/plugins/com.st.stm32cube.ide.mcu.externaltools.gnu-tools-for-stm32.9-2020-q2-update.win32_1.5.0.202011040924/tools/bin/../lib/gcc/arm-none-eabi/9.3.1/../../../../arm-none-eabi/lib/thumb/v7e-m+fp/hard\libc_nano.a(lib_a-fwalk.o)
                0x000000000800c7b0                _fwalk_reent
 .text.__retarget_lock_init_recursive
                0x000000000800c7ee        0x2 d:/st/stm32cubeide_1.6.1/stm32cubeide/plugins/com.st.stm32cube.ide.mcu.externaltools.gnu-tools-for-stm32.9-2020-q2-update.win32_1.5.0.202011040924/tools/bin/../lib/gcc/arm-none-eabi/9.3.1/../../../../arm-none-eabi/lib/thumb/v7e-m+fp/hard\libc_nano.a(lib_a-lock.o)
                0x000000000800c7ee                __retarget_lock_init_recursive
 .text.__retarget_lock_acquire_recursive
                0x000000000800c7f0        0x2 d:/st/stm32cubeide_1.6.1/stm32cubeide/plugins/com.st.stm32cube.ide.mcu.externaltools.gnu-tools-for-stm32.9-2020-q2-update.win32_1.5.0.202011040924/tools/bin/../lib/gcc/arm-none-eabi/9.3.1/../../../../arm-none-eabi/lib/thumb/v7e-m+fp/hard\libc_nano.a(lib_a-lock.o)