stm32f4xx_it.c:91:6:NMI_Handler	0	static
stm32f4xx_it.c:106:6:HardFault_Handler	0	static
stm32f4xx_it.c:121:6:MemManage_Handler	0	static
stm32f4xx_it.c:136:6:BusFault_Handler	0	static
stm32f4xx_it.c:151:6:UsageFault_Handler	0	static
stm32f4xx_it.c:166:6:SVC_Handler	0	static
stm32f4xx_it.c:179:6:DebugMon_Handler	0	static
stm32f4xx_it.c:192:6:PendSV_Handler	0	static
stm32f4xx_it.c:205:6:SysTick_Handler	0	static
stm32f4xx_it.c:226:6:DMA1_Stream3_IRQHandler	0	static
stm32f4xx_it.c:240:6:DMA1_Stream4_IRQHandler	0	static
stm32f4xx_it.c:254:6:SPI1_IRQHandler	0	static
stm32f4xx_it.c:268:6:SPI2_IRQHandler	0	static
stm32f4xx_it.c:282:6:USART1_IRQHandler	0	static
stm32f4xx_it.c:296:6:EXTI15_10_IRQHandler	8	static
stm32f4xx_it.c:313:6:TIM7_IRQHandler	8	static
stm32f4xx_it.c:327:6:DMA2_Stream0_IRQHandler	0	static
stm32f4xx_it.c:341:6:DMA2_Stream3_IRQHandler	0	static
stm32f4xx_it.c:355:6:OTG_FS_IRQHandler	0	static
stm32f4xx_it.c:369:6:DMA2_Stream7_IRQHandler	0	static
