stm32f4xx_hal_msp.c:73:6:HAL_MspInit	8	static
stm32f4xx_hal_msp.c:95:6:HAL_ADC_MspInit	48	static
stm32f4xx_hal_msp.c:149:6:HAL_ADC_MspDeInit	8	static
stm32f4xx_hal_msp.c:181:6:HAL_I2S_MspInit	72	static
stm32f4xx_hal_msp.c:275:6:HAL_I2S_MspDeInit	8	static
stm32f4xx_hal_msp.c:315:6:HAL_SPI_MspInit	80	static
stm32f4xx_hal_msp.c:406:6:HAL_SPI_MspDeInit	8	static
stm32f4xx_hal_msp.c:461:6:HAL_TIM_Base_MspInit	16	static
stm32f4xx_hal_msp.c:486:6:HAL_TIM_Base_MspDeInit	0	static
stm32f4xx_hal_msp.c:511:6:HAL_UART_MspInit	48	static
stm32f4xx_hal_msp.c:569:6:HAL_UART_MspDeInit	8	static
